<html>
<body>
<pre>
<h1>µVision Build Log</h1>
<h2>Project:</h2>
F:\Code\CT117E\ADC\USER\ADC.uvproj
Project File Date:  01/10/2017

<h2>Output:</h2>
Build target 'Target 1'
compiling adc.c...
linking...
Program Size: Code=12728 RO-data=5072 RW-data=60 ZI-data=1636  
FromELF: creating hex file...
"..\OBJ\TEMP.axf" - 0 Error(s), 0 Warning(s).
Load "..\\OBJ\\TEMP.axf" 
Erasing Done.
Program Speed: 12.43 KByte/s
Programming Done.
</pre>
</body>
</html>

FromELF: creating hex file...
"..\OBJ\TEMP.axf" - 0 Error(s), 1 Warning(s).
Load "..\\OBJ\\TEMP.axf" 
Erasing Done.
Program Speed: 12.29 KByte/s
Programming Done.
compiling adc.c...
"..\HARDWARE\adc.c" - 0 Error(s), 0 Warning(s).
ompiling main.c...
main.c(34): warning:  #167-D: argument of type "char *" is incompatible with parameter of type "u8 *"
                        LCD_DisplayStringLine(Line7, string);
main.c: 1 warning, 0 errors
"main.c" - 0 Error(s), 1 Warning(s).

g core_cm3.c...
assembling startup_stm32f10x_hd.s...
compiling key.c...
compiling lcd.c...
compiling LED.c...
linking...
Program Size: Code=5478 RO-data=4898 RW-data=52 ZI-data=1636  
FromELF: creating hex file...
"..\OBJ\TEMP.axf" - 0 Error(s), 0 Warning(s).
compiling main.c...
main.c(15): warning:  #223-D: function "SysTickConfig" declared implicitly
        SysTickConfig(SystemCoreClock/1000);    /* 1ms÷–∂œ“ª¥Œ */
main.c: 1 warning, 0 errors
"main.c" - 0 Error(s), 1 Warning(s).
