<html>
<body>
<pre>
<h1>µVision Build Log</h1>
<h2>Project:</h2>
F:\Code\CT117E\TIM_Base\USER\TIM_Base.uvproj
Project File Date:  02/08/2017

<h2>Output:</h2>
Build target 'Target 1'
compiling timer.c...
linking...
Program Size: Code=10154 RO-data=4830 RW-data=60 ZI-data=1636  
FromELF: creating hex file...
"..\OBJ\TIM_Base.axf" - 0 Error(s), 0 Warning(s).
Load "..\\OBJ\\TIM_Base.axf" 
Erasing Done.
Program Speed: 12.04 KByte/s
Programming Done.
</pre>
</body>
</html>
ARDWARE\timer.c(45): error:  #7: unrecognized token
                        num++;`
..\HARDWARE\timer.c(45): error:  #29: expected an expression
                        num++;`
..\HARDWARE\timer.c(46): error:  #65: expected a ";"
                }
..\HARDWARE\timer.c: 0 warnings, 3 errors
"..\HARDWARE\timer.c" - 3 Error(s), 0 Warning(s).
 warning, 0 errors
"main.c" - 0 Error(s), 1 Warning(s).
NDS:", num);
main.c: 1 warning, 0 errors
"main.c" - 0 Error(s), 1 Warning(s).
compiling main.c...
main.c(29): warning:  #167-D: argument of type "char *" is incompatible with parameter of type "u8 *"
                LCD_DisplayStringLine(Line2, string);
main.c: 1 warning, 0 errors
"main.c" - 0 Error(s), 1 Warning(s).
