ARM Linker, 5.03 [Build 76] [MDK-ARM Standard]

==============================================================================

Section Cross References

    startup_stm32f10x_md.o(STACK) refers (Special) to heapauxi.o(.text) for __use_two_region_memory
    startup_stm32f10x_md.o(HEAP) refers (Special) to heapauxi.o(.text) for __use_two_region_memory
    startup_stm32f10x_md.o(RESET) refers (Special) to heapauxi.o(.text) for __use_two_region_memory
    startup_stm32f10x_md.o(RESET) refers to startup_stm32f10x_md.o(STACK) for __initial_sp
    startup_stm32f10x_md.o(RESET) refers to startup_stm32f10x_md.o(.text) for Reset_Handler
    startup_stm32f10x_md.o(RESET) refers to stm32f10x_it.o(.text) for NMI_Handler
    startup_stm32f10x_md.o(.text) refers (Special) to heapauxi.o(.text) for __use_two_region_memory
    startup_stm32f10x_md.o(.text) refers to system_stm32f10x.o(.text) for SystemInit
    startup_stm32f10x_md.o(.text) refers to __main.o(!!!main) for __main
    startup_stm32f10x_md.o(.text) refers to startup_stm32f10x_md.o(HEAP) for Heap_Mem
    startup_stm32f10x_md.o(.text) refers to startup_stm32f10x_md.o(STACK) for Stack_Mem
    main.o(.text) refers to _printf_percent.o(.ARM.Collect$$_printf_percent$$00000000) for _printf_percent
    main.o(.text) refers to _printf_f.o(.ARM.Collect$$_printf_percent$$00000003) for _printf_f
    main.o(.text) refers to printf1.o(x$fpl$printf1) for _printf_fp_dec
    main.o(.text) refers to lcd.o(.text) for STM3210B_LCD_Init
    main.o(.text) refers to adc.o(.text) for ADC_Config
    main.o(.text) refers to led.o(.text) for LED_Config
    main.o(.text) refers to rtc.o(.text) for RTC_Config
    main.o(.text) refers to misc.o(.text) for NVIC_PriorityGroupConfig
    main.o(.text) refers to stm32f10x_rtc.o(.text) for RTC_SetCounter
    main.o(.text) refers to f2d.o(x$fpl$f2d) for __aeabi_f2d
    main.o(.text) refers to noretval__2sprintf.o(.text) for __2sprintf
    main.o(.text) refers to fmul.o(x$fpl$fmul) for __aeabi_fmul
    main.o(.text) refers to frleqf.o(x$fpl$frleqf) for __aeabi_cfrcmple
    main.o(.text) refers to main.o(.data) for timingDelay
    main.o(.text) refers to system_stm32f10x.o(.data) for SystemCoreClock
    main.o(.text) refers to main.o(.bss) for string
    stm32f10x_it.o(.text) refers to stm32f10x_rtc.o(.text) for RTC_GetITStatus
    stm32f10x_it.o(.text) refers to rtc.o(.text) for TimeDisplay
    stm32f10x_it.o(.text) refers to main.o(.data) for timingDelay
    stm32f10x_it.o(.text) refers to stm32f10x_it.o(.data) for ms
    system_stm32f10x.o(.text) refers to system_stm32f10x.o(.data) for SystemCoreClock
    i2c.o(.text) refers to stm32f10x_gpio.o(.text) for GPIO_Init
    i2c.o(.text) refers to stm32f10x_rcc.o(.text) for RCC_APB2PeriphClockCmd
    lcd.o(.text) refers to stm32f10x_gpio.o(.text) for GPIO_Init
    lcd.o(.text) refers to stm32f10x_rcc.o(.text) for RCC_APB2PeriphClockCmd
    lcd.o(.text) refers to lcd.o(.data) for dummy
    lcd.o(.text) refers to lcd.o(.constdata) for ASCII_Table
    adc.o(.text) refers to stm32f10x_rcc.o(.text) for RCC_APB2PeriphClockCmd
    adc.o(.text) refers to stm32f10x_gpio.o(.text) for GPIO_Init
    adc.o(.text) refers to stm32f10x_adc.o(.text) for ADC_Init
    adc.o(.text) refers to main.o(.text) for DelayMs
    adc.o(.text) refers to dflt_clz.o(x$fpl$dfltu) for __aeabi_ui2d
    adc.o(.text) refers to dmul.o(x$fpl$dmul) for __aeabi_dmul
    adc.o(.text) refers to ddiv.o(x$fpl$ddiv) for __aeabi_ddiv
    adc.o(.text) refers to d2f.o(x$fpl$d2f) for __aeabi_d2f
    led.o(.text) refers to stm32f10x_rcc.o(.text) for RCC_APB2PeriphClockCmd
    led.o(.text) refers to stm32f10x_gpio.o(.text) for GPIO_Init
    rtc.o(.text) refers to _printf_percent.o(.ARM.Collect$$_printf_percent$$00000000) for _printf_percent
    rtc.o(.text) refers to _printf_d.o(.ARM.Collect$$_printf_percent$$00000009) for _printf_d
    rtc.o(.text) refers to _printf_dec.o(.text) for _printf_int_dec
    rtc.o(.text) refers to misc.o(.text) for NVIC_Init
    rtc.o(.text) refers to stm32f10x_rcc.o(.text) for RCC_APB1PeriphClockCmd
    rtc.o(.text) refers to stm32f10x_pwr.o(.text) for PWR_BackupAccessCmd
    rtc.o(.text) refers to stm32f10x_bkp.o(.text) for BKP_DeInit
    rtc.o(.text) refers to stm32f10x_rtc.o(.text) for RTC_WaitForSynchro
    rtc.o(.text) refers to noretval__2sprintf.o(.text) for __2sprintf
    rtc.o(.text) refers to lcd.o(.text) for LCD_DisplayStringLine
    rtc.o(.text) refers to led.o(.text) for LED_Control
    stm32f10x_adc.o(.text) refers to stm32f10x_rcc.o(.text) for RCC_APB2PeriphResetCmd
    stm32f10x_bkp.o(.text) refers to stm32f10x_rcc.o(.text) for RCC_BackupResetCmd
    stm32f10x_can.o(.text) refers to stm32f10x_rcc.o(.text) for RCC_APB1PeriphResetCmd
    stm32f10x_cec.o(.text) refers to stm32f10x_rcc.o(.text) for RCC_APB1PeriphResetCmd
    stm32f10x_dac.o(.text) refers to stm32f10x_rcc.o(.text) for RCC_APB1PeriphResetCmd
    stm32f10x_gpio.o(.text) refers to stm32f10x_rcc.o(.text) for RCC_APB2PeriphResetCmd
[...]
    libinit2.o(.ARM.Collect$$libinit$$0000000D) refers (Weak) to rt_locale_intlibspace.o(.text) for __rt_locale
    libinit2.o(.ARM.Collect$$libinit$$0000000E) refers to libinit2.o(.ARM.Collect$$libinit$$0000000D) for .ARM.Collect$$libinit$$0000000D
    libinit2.o(.ARM.Collect$$libinit$$00000010) refers to libinit2.o(.ARM.Collect$$libinit$$0000000D) for .ARM.Collect$$libinit$$0000000D
    libinit2.o(.ARM.Collect$$libinit$$00000012) refers to libinit2.o(.ARM.Collect$$libinit$$0000000D) for .ARM.Collect$$libinit$$0000000D
    libinit2.o(.ARM.Collect$$libinit$$00000014) refers to libinit2.o(.ARM.Collect$$libinit$$0000000D) for .ARM.Collect$$libinit$$0000000D
    libinit2.o(.ARM.Collect$$libinit$$00000014) refers (Weak) to lc_numeric_c.o(locale$$code) for _get_lc_numeric
    libinit2.o(.ARM.Collect$$libinit$$00000016) refers to libinit2.o(.ARM.Collect$$libinit$$0000000D) for .ARM.Collect$$libinit$$0000000D
    libinit2.o(.ARM.Collect$$libinit$$00000024) refers to argv_veneer.o(.emb_text) for __ARM_argv_veneer
    libinit2.o(.ARM.Collect$$libinit$$00000025) refers to argv_veneer.o(.emb_text) for __ARM_argv_veneer
    rtexit.o(.ARM.Collect$$rtexit$$00000000) refers (Special) to rtexit2.o(.ARM.Collect$$rtexit$$00000004) for __rt_exit_exit
    rtexit.o(.ARM.Collect$$rtexit$$00000000) refers (Special) to rtexit2.o(.ARM.Collect$$rtexit$$00000003) for __rt_exit_ls
    rtexit.o(.ARM.Collect$$rtexit$$00000000) refers (Special) to rtexit2.o(.ARM.Collect$$rtexit$$00000002) for __rt_exit_prels_1
    rtexit.o(.ARM.exidx) refers (Special) to rtexit2.o(.ARM.Collect$$rtexit$$00000004) for __rt_exit_exit
    rtexit.o(.ARM.exidx) refers (Special) to rtexit2.o(.ARM.Collect$$rtexit$$00000003) for __rt_exit_ls
    rtexit.o(.ARM.exidx) refers (Special) to rtexit2.o(.ARM.Collect$$rtexit$$00000002) for __rt_exit_prels_1
    rtexit.o(.ARM.exidx) refers to rtexit.o(.ARM.Collect$$rtexit$$00000000) for .ARM.Collect$$rtexit$$00000000
    argv_veneer.o(.emb_text) refers to no_argv.o(.text) for __ARM_get_argv
    rtexit2.o(.ARM.Collect$$rtexit$$00000003) refers to libshutdown.o(.ARM.Collect$$libshutdown$$00000000) for __rt_lib_shutdown
    rtexit2.o(.ARM.Collect$$rtexit$$00000004) refers to sys_exit.o(.text) for _sys_exit
    rtexit2.o(.ARM.exidx) refers to rtexit2.o(.ARM.Collect$$rtexit$$00000001) for .ARM.Collect$$rtexit$$00000001
    rtexit2.o(.ARM.exidx) refers to rtexit2.o(.ARM.Collect$$rtexit$$00000003) for .ARM.Collect$$rtexit$$00000003
    rtexit2.o(.ARM.exidx) refers to rtexit2.o(.ARM.Collect$$rtexit$$00000004) for .ARM.Collect$$rtexit$$00000004
    _get_argv_nomalloc.o(.text) refers (Special) to hrguard.o(.text) for __heap_region$guard
    _get_argv_nomalloc.o(.text) refers to defsig_rtmem_outer.o(.text) for __rt_SIGRTMEM
    _get_argv_nomalloc.o(.text) refers to sys_command.o(.text) for _sys_command_string
    sys_command.o(.text) refers (Special) to use_no_semi.o(.text) for __I$use$semihosting
    sys_command.o(.text) refers (Special) to indicate_semi.o(.text) for __semihosting_library_function
    sys_exit.o(.text) refers (Special) to use_no_semi.o(.text) for __I$use$semihosting
    sys_exit.o(.text) refers (Special) to indicate_semi.o(.text) for __semihosting_library_function
    defsig_rtmem_outer.o(.text) refers to defsig_rtmem_inner.o(.text) for __rt_SIGRTMEM_inner
    defsig_rtmem_outer.o(.text) refers to defsig_exit.o(.text) for __sig_exit
    defsig_rtmem_formal.o(.text) refers to rt_raise.o(.text) for __rt_raise
    libshutdown.o(.ARM.Collect$$libshutdown$$00000000) refers (Special) to libshutdown2.o(.ARM.Collect$$libshutdown$$00000006) for __rt_lib_shutdown_fp_trap_1
    libshutdown.o(.ARM.Collect$$libshutdown$$00000000) refers (Special) to libshutdown2.o(.ARM.Collect$$libshutdown$$0000000E) for __rt_lib_shutdown_heap_1
    libshutdown.o(.ARM.Collect$$libshutdown$$00000000) refers (Special) to libshutdown2.o(.ARM.Collect$$libshutdown$$0000000F) for __rt_lib_shutdown_return
    libshutdown.o(.ARM.Collect$$libshutdown$$00000000) refers (Special) to libshutdown2.o(.ARM.Collect$$libshutdown$$00000009) for __rt_lib_shutdown_signal_1
    libshutdown.o(.ARM.Collect$$libshutdown$$00000000) refers (Special) to libshutdown2.o(.ARM.Collect$$libshutdown$$00000003) for __rt_lib_shutdown_stdio_1
    libshutdown.o(.ARM.Collect$$libshutdown$$00000000) refers (Special) to libshutdown2.o(.ARM.Collect$$libshutdown$$0000000B) for __rt_lib_shutdown_user_alloc_1
    rt_raise.o(.text) refers to __raise.o(.text) for __raise
    rt_raise.o(.text) refers to sys_exit.o(.text) for _sys_exit
    defsig_exit.o(.text) refers to sys_exit.o(.text) for _sys_exit
    defsig_rtmem_inner.o(.text) refers to defsig_general.o(.text) for __default_signal_display
    __raise.o(.text) refers to defsig.o(CL$$defsig) for __default_signal_handler
    defsig_general.o(.text) refers to sys_wrch.o(.text) for _ttywrch
    sys_wrch.o(.text) refers (Special) to use_no_semi.o(.text) for __I$use$semihosting
    sys_wrch.o(.text) refers (Special) to indicate_semi.o(.text) for __semihosting_library_function
    defsig.o(CL$$defsig) refers to defsig_rtmem_inner.o(.text) for __rt_SIGRTMEM_inner
    defsig_abrt_inner.o(.text) refers to defsig_general.o(.text) for __default_signal_display
    defsig_fpe_inner.o(.text) refers to defsig_general.o(.text) for __default_signal_display
    defsig_rtred_inner.o(.text) refers to defsig_general.o(.text) for __default_signal_display
    defsig_stak_inner.o(.text) refers to defsig_general.o(.text) for __default_signal_display
    defsig_pvfn_inner.o(.text) refers to defsig_general.o(.text) for __default_signal_display
    defsig_cppl_inner.o(.text) refers to defsig_general.o(.text) for __default_signal_display
    defsig_segv_inner.o(.text) refers to defsig_general.o(.text) for __default_signal_display
    defsig_other.o(.text) refers to defsig_general.o(.text) for __default_signal_display


==============================================================================

Removing Unused input sections from the image.

    Removing core_cm3.o(.emb_text), (32 bytes).
    Removing i2c.o(.text), (664 bytes).
    Removing stm32f10x_can.o(.text), (2540 bytes).
    Removing stm32f10x_cec.o(.text), (288 bytes).
    Removing stm32f10x_crc.o(.text), (72 bytes).
    Removing stm32f10x_dac.o(.text), (396 bytes).
    Removing stm32f10x_dbgmcu.o(.text), (48 bytes).
    Removing stm32f10x_dma.o(.text), (592 bytes).
    Removing stm32f10x_exti.o(.text), (284 bytes).
    Removing stm32f10x_flash.o(.text), (1468 bytes).
    Removing stm32f10x_fsmc.o(.text), (1560 bytes).
    Removing stm32f10x_i2c.o(.text), (1028 bytes).
    Removing stm32f10x_iwdg.o(.text), (64 bytes).
    Removing stm32f10x_sdio.o(.text), (472 bytes).
    Removing stm32f10x_spi.o(.text), (780 bytes).
    Removing stm32f10x_tim.o(.text), (3610 bytes).
    Removing stm32f10x_usart.o(.text), (1032 bytes).
    Removing stm32f10x_wwdg.o(.text), (136 bytes).

18 unused section(s) (total 15066 bytes) removed from the image.

==============================================================================

Image Symbol Table

    Local Symbols

    Symbol Name                              Value     Ov Type        Size  Object(Section)

    ../clib/angel/boardlib.s                 0x00000000   Number         0  boardshut.o ABSOLUTE
    ../clib/angel/boardlib.s                 0x00000000   Number         0  boardinit3.o ABSOLUTE
    ../clib/angel/boardlib.s                 0x00000000   Number         0  boardinit1.o ABSOLUTE
    ../clib/angel/boardlib.s                 0x00000000   Number         0  boardinit2.o ABSOLUTE
    ../clib/angel/handlers.s                 0x00000000   Number         0  __scatter_copy.o ABSOLUTE
    ../clib/angel/handlers.s                 0x00000000   Number         0  __scatter_zi.o ABSOLUTE
    ../clib/angel/kernel.s                   0x00000000   Number         0  rtexit2.o ABSOLUTE
    ../clib/angel/kernel.s                   0x00000000   Number         0  rtentry4.o ABSOLUTE
    ../clib/angel/kernel.s                   0x00000000   Number         0  rtentry2.o ABSOLUTE
    ../clib/angel/kernel.s                   0x00000000   Number         0  rtexit.o ABSOLUTE
    ../clib/angel/kernel.s                   0x00000000   Number         0  rtentry.o ABSOLUTE
    ../clib/angel/rt.s                       0x00000000   Number         0  rt_raise.o ABSOLUTE
    ../clib/angel/rt.s                       0x00000000   Number         0  rt_locale_intlibspace.o ABSOLUTE
    ../clib/angel/rt.s                       0x00000000   Number         0  rt_locale.o ABSOLUTE
    ../clib/angel/scatter.s                  0x00000000   Number         0  __scatter.o ABSOLUTE
    ../clib/angel/startup.s                  0x00000000   Number         0  __main.o ABSOLUTE
    ../clib/angel/sys.s                      0x00000000   Number         0  indicate_semi.o ABSOLUTE
    ../clib/angel/sys.s                      0x00000000   Number         0  use_no_semi.o ABSOLUTE
    ../clib/angel/sys.s                      0x00000000   Number         0  libspace.o ABSOLUTE
    ../clib/angel/sys.s                      0x00000000   Number         0  sys_stackheap_outer.o ABSOLUTE
    ../clib/angel/sysapp.c                   0x00000000   Number         0  sys_wrch.o ABSOLUTE
    ../clib/angel/sysapp.c                   0x00000000   Number         0  sys_command.o ABSOLUTE
    ../clib/angel/sysapp.c                   0x00000000   Number         0  sys_exit.o ABSOLUTE
    ../clib/armsys.c                         0x00000000   Number         0  argv_veneer.o ABSOLUTE
    ../clib/armsys.c                         0x00000000   Number         0  argv_veneer.o ABSOLUTE
    ../clib/armsys.c                         0x00000000   Number         0  _get_argv_nomalloc.o ABSOLUTE
    ../clib/armsys.c                         0x00000000   Number         0  no_argv.o ABSOLUTE
    ../clib/bigflt.c                         0x00000000   Number         0  bigflt0.o ABSOLUTE
    ../clib/btod.s                           0x00000000   Number         0  btod.o ABSOLUTE
    ../clib/heapalloc.c                      0x00000000   Number         0  hrguard.o ABSOLUTE
    ../clib/heapaux.c                        0x00000000   Number         0  heapauxi.o ABSOLUTE
    ../clib/libinit.s                        0x00000000   Number         0  libinit.o ABSOLUTE
    ../clib/libinit.s                        0x00000000   Number         0  libinit2.o ABSOLUTE
    ../clib/libinit.s                        0x00000000   Number         0  libshutdown.o ABSOLUTE
    ../clib/libinit.s                        0x00000000   Number         0  libshutdown2.o ABSOLUTE
    ../clib/locale.s                         0x00000000   Number         0  lc_numeric_c.o ABSOLUTE
    ../clib/longlong.s                       0x00000000   Number         0  lludiv10.o ABSOLUTE
    ../clib/memcpset.s                       0x00000000   Number         0  strcmpv7m.o ABSOLUTE
    ../clib/misc.s                           0x00000000   Number         0  printf_stubs.o ABSOLUTE
    ../clib/printf.c                         0x00000000   Number         0  __printf_ss_wp.o ABSOLUTE
    ../clib/printf.c                         0x00000000   Number         0  __printf_flags_ss_wp.o ABSOLUTE
    ../clib/printf.c                         0x00000000   Number         0  _sputc.o ABSOLUTE
    ../clib/printf.c                         0x00000000   Number         0  _printf_intcommon.o ABSOLUTE
    ../clib/printf.c                         0x00000000   Number         0  _printf_fp_dec.o ABSOLUTE
    ../clib/printf.c                         0x00000000   Number         0  _printf_char_common.o ABSOLUTE
    ../clib/printf.c                         0x00000000   Number         0  __printf_nopercent.o ABSOLUTE
    ../clib/printf.c                         0x00000000   Number         0  _printf_fp_infnan.o ABSOLUTE
    ../clib/printf.c                         0x00000000   Number         0  __2sprintf.o ABSOLUTE
    ../clib/printf.c                         0x00000000   Number         0  __printf_flags.o ABSOLUTE
    ../clib/printf.c                         0x00000000   Number         0  noretval__2sprintf.o ABSOLUTE
    ../clib/printf.c                         0x00000000   Number         0  __printf.o ABSOLUTE
    ../clib/printf.c                         0x00000000   Number         0  _printf_dec.o ABSOLUTE
    ../clib/printf.c                         0x00000000   Number         0  __printf_ss.o ABSOLUTE
    ../clib/printf.c                         0x00000000   Number         0  __printf_flags_ss.o ABSOLUTE
    ../clib/printf.c                         0x00000000   Number         0  __printf_wp.o ABSOLUTE
    ../clib/printf.c                         0x00000000   Number         0  __printf_flags_wp.o ABSOLUTE
    ../clib/printf_percent.s                 0x00000000   Number         0  _printf_percent_end.o ABSOLUTE
    ../clib/printf_percent.s                 0x00000000   Number         0  _printf_d.o ABSOLUTE
    ../clib/printf_percent.s                 0x00000000   Number         0  _printf_f.o ABSOLUTE
    ../clib/printf_percent.s                 0x00000000   Number         0  _printf_percent.o ABSOLUTE
    ../clib/signal.c                         0x00000000   Number         0  defsig_other.o ABSOLUTE
    ../clib/signal.c                         0x00000000   Number         0  defsig_rtmem_outer.o ABSOLUTE
    ../clib/signal.c                         0x00000000   Number         0  defsig_fpe_inner.o ABSOLUTE
    ../clib/signal.c                         0x00000000   Number         0  defsig_segv_inner.o ABSOLUTE
    ../clib/signal.c                         0x00000000   Number         0  defsig_cppl_inner.o ABSOLUTE
    ../clib/signal.c                         0x00000000   Number         0  defsig_pvfn_inner.o ABSOLUTE
    ../clib/signal.c                         0x00000000   Number         0  defsig_stak_inner.o ABSOLUTE
    ../clib/signal.c                         0x00000000   Number         0  defsig_rtred_inner.o ABSOLUTE
    ../clib/signal.c                         0x00000000   Number         0  __raise.o ABSOLUTE
    ../clib/signal.c                         0x00000000   Number         0  defsig_abrt_inner.o ABSOLUTE
    ../clib/signal.c                         0x00000000   Number         0  defsig_general.o ABSOLUTE
    ../clib/signal.c                         0x00000000   Number         0  defsig_rtmem_formal.o ABSOLUTE
    ../clib/signal.c                         0x00000000   Number         0  defsig_rtmem_inner.o ABSOLUTE
    ../clib/signal.c                         0x00000000   Number         0  defsig_exit.o ABSOLUTE
    ../clib/signal.s                         0x00000000   Number         0  defsig.o ABSOLUTE
    ../clib/stdlib.c                         0x00000000   Number         0  exit.o ABSOLUTE
    ../fplib/d2f.s                           0x00000000   Number         0  d2f.o ABSOLUTE
    ../fplib/ddiv.s                          0x00000000   Number         0  ddiv.o ABSOLUTE
    ../fplib/dflt.s                          0x00000000   Number         0  dflt_clz.o ABSOLUTE
    ../fplib/dmul.s                          0x00000000   Number         0  dmul.o ABSOLUTE
    ../fplib/dnaninf.s                       0x00000000   Number         0  dnaninf.o ABSOLUTE
    ../fplib/dretinf.s                       0x00000000   Number         0  dretinf.o ABSOLUTE
    ../fplib/f2d.s                           0x00000000   Number         0  f2d.o ABSOLUTE
    ../fplib/fcmpi.s                         0x00000000   Number         0  fcmpi.o ABSOLUTE
    ../fplib/fleqf.s                         0x00000000   Number         0  fleqf.o ABSOLUTE
    ../fplib/fmul.s                          0x00000000   Number         0  fmul.o ABSOLUTE
    ../fplib/fnaninf.s                       0x00000000   Number         0  fnaninf.o ABSOLUTE
    ../fplib/fpinit.s                        0x00000000   Number         0  fpinit.o ABSOLUTE
    ../fplib/fretinf.s                       0x00000000   Number         0  fretinf.o ABSOLUTE
    ../fplib/frleqf.s                        0x00000000   Number         0  frleqf.o ABSOLUTE
    ../fplib/istatus.s                       0x00000000   Number         0  istatus.o ABSOLUTE
    ../fplib/printf1.s                       0x00000000   Number         0  printf1.o ABSOLUTE
    ../fplib/usenofp.s                       0x00000000   Number         0  usenofp.o ABSOLUTE
    ../mathlib/fpclassify.c                  0x00000000   Number         0  fpclassify.o ABSOLUTE
    ..\CORE\core_cm3.c                       0x00000000   Number         0  core_cm3.o ABSOLUTE
    ..\CORE\startup_stm32f10x_md.s           0x00000000   Number         0  startup_stm32f10x_md.o ABSOLUTE
    ..\HARDWARE\adc.c                        0x00000000   Number         0  adc.o ABSOLUTE
    ..\HARDWARE\i2c.c                        0x00000000   Number         0  i2c.o ABSOLUTE
    ..\HARDWARE\lcd.c                        0x00000000   Number         0  lcd.o ABSOLUTE
    ..\HARDWARE\led.c                        0x00000000   Number         0  led.o ABSOLUTE
    ..\HARDWARE\rtc.c                        0x00000000   Number         0  rtc.o ABSOLUTE
    ..\STM32FWLib\src\misc.c                 0x00000000   Number         0  misc.o ABSOLUTE
    ..\STM32FWLib\src\stm32f10x_adc.c        0x00000000   Number         0  stm32f10x_adc.o ABSOLUTE
    ..\STM32FWLib\src\stm32f10x_bkp.c        0x00000000   Number         0  stm32f10x_bkp.o ABSOLUTE
    ..\STM32FWLib\src\stm32f10x_can.c        0x00000000   Number         0  stm32f10x_can.o ABSOLUTE
    ..\STM32FWLib\src\stm32f10x_cec.c        0x00000000   Number         0  stm32f10x_cec.o ABSOLUTE
    ..\STM32FWLib\src\stm32f10x_crc.c        0x00000000   Number         0  stm32f10x_crc.o ABSOLUTE
    ..\STM32FWLib\src\stm32f10x_dac.c        0x00000000   Number         0  stm32f10x_dac.o ABSOLUTE
    ..\STM32FWLib\src\stm32f10x_dbgmcu.c     0x00000000   Number         0  stm32f10x_dbgmcu.o ABSOLUTE
    ..\STM32FWLib\src\stm32f10x_dma.c        0x00000000   Number         0  stm32f10x_dma.o ABSOLUTE
    ..\STM32FWLib\src\stm32f10x_exti.c       0x00000000   Number         0  stm32f10x_exti.o ABSOLUTE
    ..\STM32FWLib\src\stm32f10x_flash.c      0x00000000   Number         0  stm32f10x_flash.o ABSOLUTE
    ..\STM32FWLib\src\stm32f10x_fsmc.c       0x00000000   Number         0  stm32f10x_fsmc.o ABSOLUTE
    ..\STM32FWLib\src\stm32f10x_gpio.c       0x00000000   Number         0  stm32f10x_gpio.o ABSOLUTE
    ..\STM32FWLib\src\stm32f10x_i2c.c        0x00000000   Number         0  stm32f10x_i2c.o ABSOLUTE
    ..\STM32FWLib\src\stm32f10x_iwdg.c       0x00000000   Number         0  stm32f10x_iwdg.o ABSOLUTE
    ..\STM32FWLib\src\stm32f10x_pwr.c        0x00000000   Number         0  stm32f10x_pwr.o ABSOLUTE
    ..\STM32FWLib\src\stm32f10x_rcc.c        0x00000000   Number         0  stm32f10x_rcc.o ABSOLUTE
    ..\STM32FWLib\src\stm32f10x_rtc.c        0x00000000   Number         0  stm32f10x_rtc.o ABSOLUTE
    ..\STM32FWLib\src\stm32f10x_sdio.c       0x00000000   Number         0  stm32f10x_sdio.o ABSOLUTE
    ..\STM32FWLib\src\stm32f10x_spi.c        0x00000000   Number         0  stm32f10x_spi.o ABSOLUTE
    ..\STM32FWLib\src\stm32f10x_tim.c        0x00000000   Number         0  stm32f10x_tim.o ABSOLUTE
    ..\STM32FWLib\src\stm32f10x_usart.c      0x00000000   Number         0  stm32f10x_usart.o ABSOLUTE
    ..\STM32FWLib\src\stm32f10x_wwdg.c       0x00000000   Number         0  stm32f10x_wwdg.o ABSOLUTE
    ..\\CORE\\core_cm3.c                     0x00000000   Number         0  core_cm3.o ABSOLUTE
    dc.s                                     0x00000000   Number         0  dc.o ABSOLUTE
    main.c                                   0x00000000   Number         0  main.o ABSOLUTE
    stm32f10x_it.c                           0x00000000   Number         0  stm32f10x_it.o ABSOLUTE
    system_stm32f10x.c                       0x00000000   Number         0  system_stm32f10x.o ABSOLUTE
    RESET                                    0x08000000   Section      236  startup_stm32f10x_md.o(RESET)
    !!!main                                  0x080000ec   Section        8  __main.o(!!!main)
    !!!scatter                               0x080000f4   Section       52  __scatter.o(!!!scatter)
    !!handler_copy                           0x08000128   Section       26  __scatter_copy.o(!!handler_copy)
    !!handler_zi                             0x08000144   Section       28  __scatter_zi.o(!!handler_zi)
    .ARM.Collect$$_printf_percent$$00000000  0x08000160   Section        0  _printf_percent.o(.ARM.Collect$$_printf_percent$$00000000)
    .ARM.Collect$$_printf_percent$$00000003  0x08000160   Section        6  _printf_f.o(.ARM.Collect$$_printf_percent$$00000003)
    .ARM.Collect$$_printf_percent$$00000009  0x08000166   Section        6  _printf_d.o(.ARM.Collect$$_printf_percent$$00000009)
    .ARM.Collect$$_printf_percent$$00000017  0x0800016c   Section        4  _printf_percent_end.o(.ARM.Collect$$_printf_percent$$00000017)
    .ARM.Collect$$libinit$$00000000          0x08000170   Section        2  libinit.o(.ARM.Collect$$libinit$$00000000)
    .ARM.Collect$$libinit$$00000002          0x08000172   Section        0  libinit2.o(.ARM.Collect$$libinit$$00000002)
    .ARM.Collect$$libinit$$00000008          0x08000172   Section        0  libinit2.o(.ARM.Collect$$libinit$$00000008)
    .ARM.Collect$$libinit$$0000000A          0x08000172   Section        0  libinit2.o(.ARM.Collect$$libinit$$0000000A)
    .ARM.Collect$$libinit$$0000000C          0x08000172   Section        0  libinit2.o(.ARM.Collect$$libinit$$0000000C)
    .ARM.Collect$$libinit$$0000000D          0x08000172   Section        6  libinit2.o(.ARM.Collect$$libinit$$0000000D)
    .ARM.Collect$$libinit$$0000000F          0x08000178   Section        0  libinit2.o(.ARM.Collect$$libinit$$0000000F)
    .ARM.Collect$$libinit$$00000011          0x08000178   Section        0  libinit2.o(.ARM.Collect$$libinit$$00000011)
    .ARM.Collect$$libinit$$00000013          0x08000178   Section        0  libinit2.o(.ARM.Collect$$libinit$$00000013)
    .ARM.Collect$$libinit$$00000014          0x08000178   Section       10  libinit2.o(.ARM.Collect$$libinit$$00000014)
    .ARM.Collect$$libinit$$00000015          0x08000182   Section        0  libinit2.o(.ARM.Collect$$libinit$$00000015)
    .ARM.Collect$$libinit$$00000017          0x08000182   Section        0  libinit2.o(.ARM.Collect$$libinit$$00000017)
    .ARM.Collect$$libinit$$00000019          0x08000182   Section        0  libinit2.o(.ARM.Collect$$libinit$$00000019)
    .ARM.Collect$$libinit$$0000001B          0x08000182   Section        0  libinit2.o(.ARM.Collect$$libinit$$0000001B)
    .ARM.Collect$$libinit$$0000001D          0x08000182   Section        0  libinit2.o(.ARM.Collect$$libinit$$0000001D)
    .ARM.Collect$$libinit$$0000001F          0x08000182   Section        0  libinit2.o(.ARM.Collect$$libinit$$0000001F)
    .ARM.Collect$$libinit$$00000021          0x08000182   Section        0  libinit2.o(.ARM.Collect$$libinit$$00000021)
    .ARM.Collect$$libinit$$00000023          0x08000182   Section        0  libinit2.o(.ARM.Collect$$libinit$$00000023)
    .ARM.Collect$$libinit$$0000002A          0x08000182   Section        0  libinit2.o(.ARM.Collect$$libinit$$0000002A)
    .ARM.Collect$$libinit$$0000002C          0x08000182   Section        0  libinit2.o(.ARM.Collect$$libinit$$0000002C)
    .ARM.Collect$$libinit$$0000002E          0x08000182   Section        0  libinit2.o(.ARM.Collect$$libinit$$0000002E)
    .ARM.Collect$$libinit$$00000030          0x08000182   Section        0  libinit2.o(.ARM.Collect$$libinit$$00000030)
    .ARM.Collect$$libinit$$00000031          0x08000182   Section        2  libinit2.o(.ARM.Collect$$libinit$$00000031)
    .ARM.Collect$$libshutdown$$00000000      0x08000184   Section        2  libshutdown.o(.ARM.Collect$$libshutdown$$00000000)
    .ARM.Collect$$libshutdown$$00000003      0x08000186   Section        0  libshutdown2.o(.ARM.Collect$$libshutdown$$00000003)
    .ARM.Collect$$libshutdown$$00000006      0x08000186   Section        0  libshutdown2.o(.ARM.Collect$$libshutdown$$00000006)
    .ARM.Collect$$libshutdown$$00000009      0x08000186   Section        0  libshutdown2.o(.ARM.Collect$$libshutdown$$00000009)
    .ARM.Collect$$libshutdown$$0000000B      0x08000186   Section        0  libshutdown2.o(.ARM.Collect$$libshutdown$$0000000B)
    .ARM.Collect$$libshutdown$$0000000E      0x08000186   Section        0  libshutdown2.o(.ARM.Collect$$libshutdown$$0000000E)
    .ARM.Collect$$libshutdown$$0000000F      0x08000186   Section        2  libshutdown2.o(.ARM.Collect$$libshutdown$$0000000F)
    .ARM.Collect$$rtentry$$00000000          0x08000188   Section        0  rtentry.o(.ARM.Collect$$rtentry$$00000000)
    .ARM.Collect$$rtentry$$00000002          0x08000188   Section        0  rtentry2.o(.ARM.Collect$$rtentry$$00000002)
    .ARM.Collect$$rtentry$$00000004          0x08000188   Section        6  rtentry4.o(.ARM.Collect$$rtentry$$00000004)
    .ARM.Collect$$rtentry$$00000009          0x0800018e   Section        0  rtentry2.o(.ARM.Collect$$rtentry$$00000009)
    .ARM.Collect$$rtentry$$0000000A          0x0800018e   Section        4  rtentry2.o(.ARM.Collect$$rtentry$$0000000A)
    .ARM.Collect$$rtentry$$0000000C          0x08000192   Section        0  rtentry2.o(.ARM.Collect$$rtentry$$0000000C)
    .ARM.Collect$$rtentry$$0000000D          0x08000192   Section        8  rtentry2.o(.ARM.Collect$$rtentry$$0000000D)
    .ARM.Collect$$rtexit$$00000000           0x0800019a   Section        2  rtexit.o(.ARM.Collect$$rtexit$$00000000)
    .ARM.Collect$$rtexit$$00000002           0x0800019c   Section        0  rtexit2.o(.ARM.Collect$$rtexit$$00000002)
    .ARM.Collect$$rtexit$$00000003           0x0800019c   Section        4  rtexit2.o(.ARM.Collect$$rtexit$$00000003)
    .ARM.Collect$$rtexit$$00000004           0x080001a0   Section        6  rtexit2.o(.ARM.Collect$$rtexit$$00000004)
    .text                                    0x080001a8   Section       64  startup_stm32f10x_md.o(.text)
    .text                                    0x080001e8   Section        0  main.o(.text)
    NVIC_SetPriority                         0x080001e9   Thumb Code    32  main.o(.text)
    .text                                    0x08000328   Section        0  stm32f10x_it.o(.text)
    .text                                    0x080003ac   Section        0  system_stm32f10x.o(.text)
    SetSysClockTo72                          0x080003ad   Thumb Code   212  system_stm32f10x.o(.text)
    SetSysClock                              0x08000481   Thumb Code     8  system_stm32f10x.o(.text)
    .text                                    0x08000588   Section        0  lcd.o(.text)
    .text                                    0x08000f78   Section        0  adc.o(.text)
    .text                                    0x08001058   Section        0  led.o(.text)
    .text                                    0x080010d4   Section        0  rtc.o(.text)
    .text                                    0x080011c4   Section        0  misc.o(.text)
    .text                                    0x080012a0   Section        0  stm32f10x_adc.o(.text)
    .text                                    0x080016f0   Section        0  stm32f10x_bkp.o(.text)
    .text                                    0x080017b4   Section        0  stm32f10x_gpio.o(.text)
    .text                                    0x08001b0c   Section        0  stm32f10x_pwr.o(.text)
    .text                                    0x08001bd8   Section        0  stm32f10x_rcc.o(.text)
    .text                                    0x08001f7c   Section        0  stm32f10x_rtc.o(.text)
    .text                                    0x080020c0   Section        0  noretval__2sprintf.o(.text)
    .text                                    0x080020e8   Section        0  _printf_dec.o(.text)
    .text                                    0x08002160   Section        0  __printf_wp.o(.text)
    .text                                    0x0800226e   Section        0  heapauxi.o(.text)
    .text                                    0x08002274   Section        0  _printf_intcommon.o(.text)
    .text                                    0x0800232c   Section        0  _printf_fp_dec.o(.text)
    _fp_digits                               0x0800232f   Thumb Code   426  _printf_fp_dec.o(.text)
    .text                                    0x0800274c   Section        0  _printf_char_common.o(.text)
    _printf_input_char                       0x0800274d   Thumb Code    10  _printf_char_common.o(.text)
    .text                                    0x0800277c   Section        0  _sputc.o(.text)
    .text                                    0x08002788   Section        8  rt_locale_intlibspace.o(.text)
    .text                                    0x08002790   Section      138  lludiv10.o(.text)
    .text                                    0x0800281c   Section        0  _printf_fp_infnan.o(.text)
    .text                                    0x0800289c   Section        0  bigflt0.o(.text)
    .text                                    0x08002980   Section        8  libspace.o(.text)
    .text                                    0x08002988   Section       74  sys_stackheap_outer.o(.text)
    .text                                    0x080029d2   Section        0  exit.o(.text)
    .text                                    0x080029e0   Section      128  strcmpv7m.o(.text)
    .text                                    0x08002a60   Section        0  sys_exit.o(.text)
    .text                                    0x08002a6c   Section        2  use_no_semi.o(.text)
    .text                                    0x08002a6e   Section        0  indicate_semi.o(.text)
    CL$$btod_d2e                             0x08002a6e   Section       62  btod.o(CL$$btod_d2e)
    CL$$btod_d2e_denorm_low                  0x08002aac   Section       70  btod.o(CL$$btod_d2e_denorm_low)
    CL$$btod_d2e_norm_op1                    0x08002af2   Section       96  btod.o(CL$$btod_d2e_norm_op1)
    CL$$btod_div_common                      0x08002b52   Section      824  btod.o(CL$$btod_div_common)
    CL$$btod_e2e                             0x08002e8a   Section      198  btod.o(CL$$btod_e2e)
    CL$$btod_ediv                            0x08002f50   Section       40  btod.o(CL$$btod_ediv)
    CL$$btod_emul                            0x08002f78   Section       40  btod.o(CL$$btod_emul)
    CL$$btod_mult_common                     0x08002fa0   Section      580  btod.o(CL$$btod_mult_common)
    i.__ARM_fpclassify                       0x080031e4   Section        0  fpclassify.o(i.__ARM_fpclassify)
    i._is_digit                              0x0800320c   Section        0  __printf_wp.o(i._is_digit)
    locale$$code                             0x0800321c   Section       44  lc_numeric_c.o(locale$$code)
    x$fpl$d2f                                0x08003248   Section       98  d2f.o(x$fpl$d2f)
    x$fpl$ddiv                               0x080032ac   Section      688  ddiv.o(x$fpl$ddiv)
    ddiv_entry                               0x080032b3   Thumb Code     0  ddiv.o(x$fpl$ddiv)
    x$fpl$dfltu                              0x0800355c   Section       38  dflt_clz.o(x$fpl$dfltu)
    x$fpl$dmul                               0x08003584   Section      340  dmul.o(x$fpl$dmul)
    x$fpl$dnaninf                            0x080036d8   Section      156  dnaninf.o(x$fpl$dnaninf)
    x$fpl$dretinf                            0x08003774   Section       12  dretinf.o(x$fpl$dretinf)
    x$fpl$f2d                                0x08003780   Section       86  f2d.o(x$fpl$f2d)
    x$fpl$fcmpinf                            0x080037d6   Section       24  fcmpi.o(x$fpl$fcmpinf)
    x$fpl$fleqf                              0x080037f0   Section      104  fleqf.o(x$fpl$fleqf)
    x$fpl$fmul                               0x08003858   Section      258  fmul.o(x$fpl$fmul)
    x$fpl$fnaninf                            0x0800395a   Section      140  fnaninf.o(x$fpl$fnaninf)
    x$fpl$fretinf                            0x080039e6   Section       10  fretinf.o(x$fpl$fretinf)
    x$fpl$frleqf                             0x080039f0   Section       98  frleqf.o(x$fpl$frleqf)
    x$fpl$printf1                            0x08003a52   Section        4  printf1.o(x$fpl$printf1)
    .constdata                               0x08003a56   Section     4560  lcd.o(.constdata)
    x$fpl$usenofp                            0x08003a56   Section        0  usenofp.o(x$fpl$usenofp)
    .constdata                               0x08004c28   Section      148  bigflt0.o(.constdata)
    tenpwrs_x                                0x08004c28   Data          60  bigflt0.o(.constdata)
    tenpwrs_i                                0x08004c64   Data          64  bigflt0.o(.constdata)
    locale$$data                             0x08004cdc   Section       28  lc_numeric_c.o(locale$$data)
    __lcnum_c_name                           0x08004ce0   Data           2  lc_numeric_c.o(locale$$data)
    __lcnum_c_start                          0x08004ce8   Data           0  lc_numeric_c.o(locale$$data)
    __lcnum_c_point                          0x08004cf4   Data           0  lc_numeric_c.o(locale$$data)
    __lcnum_c_thousands                      0x08004cf6   Data           0  lc_numeric_c.o(locale$$data)
    __lcnum_c_grouping                       0x08004cf7   Data           0  lc_numeric_c.o(locale$$data)
    __lcnum_c_end                            0x08004cf8   Data           0  lc_numeric_c.o(locale$$data)
    .data                                    0x20000000   Section       16  main.o(.data)
    .data                                    0x20000010   Section        1  stm32f10x_it.o(.data)
    ms                                       0x20000010   Data           1  stm32f10x_it.o(.data)
    .data                                    0x20000014   Section       20  system_stm32f10x.o(.data)
    .data                                    0x20000028   Section        6  lcd.o(.data)
    TextColor                                0x20000028   Data           2  lcd.o(.data)
    BackColor                                0x2000002a   Data           2  lcd.o(.data)
    .data                                    0x2000002e   Section       20  stm32f10x_rcc.o(.data)
    APBAHBPrescTable                         0x2000002e   Data          16  stm32f10x_rcc.o(.data)
    ADCPrescTable                            0x2000003e   Data           4  stm32f10x_rcc.o(.data)
    .bss                                     0x20000044   Section       20  main.o(.bss)
    .bss                                     0x20000058   Section       96  libspace.o(.bss)
    HEAP                                     0x200000b8   Section      512  startup_stm32f10x_md.o(HEAP)
    Heap_Mem                                 0x200000b8   Data         512  startup_stm32f10x_md.o(HEAP)
    STACK                                    0x200002b8   Section     1024  startup_stm32f10x_md.o(STACK)
    Stack_Mem                                0x200002b8   Data        1024  startup_stm32f10x_md.o(STACK)
    __initial_sp                             0x200006b8   Data           0  startup_stm32f10x_md.o(STACK)

    Global Symbols

    Symbol Name                              Value     Ov Type        Size  Object(Section)

    BuildAttributes$$THM_ISAv4$P$D$K$B$S$PE$A:L22UL41UL21$X:L11$S22US41US21$IEEE1$IW$USESV6$~STKCKD$USESV7$~SHL$OTIME$ROPI$IEEEJ$EBA8$UX$STANDARDLIB$REQ8$PRES8$EABIv2 0x00000000   Number         0  anon$$obj.o ABSOLUTE
    __ARM_use_no_argv                        0x00000000   Number         0  main.o ABSOLUTE
    _printf_flags                            0x00000000   Number         0  printf_stubs.o ABSOLUTE
    _printf_return_value                     0x00000000   Number         0  printf_stubs.o ABSOLUTE
    _printf_sizespec                         0x00000000   Number         0  printf_stubs.o ABSOLUTE
    _printf_widthprec                        0x00000000   Number         0  printf_stubs.o ABSOLUTE
    __ARM_exceptions_init                     - Undefined Weak Reference
    __alloca_initialize                       - Undefined Weak Reference
    __cpp_initialize__aeabi_                  - Undefined Weak Reference
    __cxa_finalize                            - Undefined Weak Reference
    __sigvec_lookup                           - Undefined Weak Reference
    _atexit_init                              - Undefined Weak Reference
    _call_atexit_fns                          - Undefined Weak Reference
    _clock_init                               - Undefined Weak Reference
    _fp_trap_init                             - Undefined Weak Reference
    _fp_trap_shutdown                         - Undefined Weak Reference
    _get_lc_collate                           - Undefined Weak Reference
    _get_lc_ctype                             - Undefined Weak Reference
    _get_lc_monetary                          - Undefined Weak Reference
    _get_lc_time                              - Undefined Weak Reference
    _getenv_init                              - Undefined Weak Reference
    _handle_redirection                       - Undefined Weak Reference
    _init_alloc                               - Undefined Weak Reference
    _init_user_alloc                          - Undefined Weak Reference
    _initio                                   - Undefined Weak Reference
    _printf_post_padding                      - Undefined Weak Reference
    _printf_pre_padding                       - Undefined Weak Reference
    _printf_truncate_signed                   - Undefined Weak Reference
    _printf_truncate_unsigned                 - Undefined Weak Reference
    _rand_init                                - Undefined Weak Reference
    _signal_finish                            - Undefined Weak Reference
    _signal_init                              - Undefined Weak Reference
    _terminate_alloc                          - Undefined Weak Reference
    _terminate_user_alloc                     - Undefined Weak Reference
    _terminateio                              - Undefined Weak Reference
    __Vectors_Size                           0x000000ec   Number         0  startup_stm32f10x_md.o ABSOLUTE
    __Vectors                                0x08000000   Data           4  startup_stm32f10x_md.o(RESET)
    __Vectors_End                            0x080000ec   Data           0  startup_stm32f10x_md.o(RESET)
    __main                                   0x080000ed   Thumb Code     8  __main.o(!!!main)
    __scatterload                            0x080000f5   Thumb Code     0  __scatter.o(!!!scatter)
    __scatterload_rt2                        0x080000f5   Thumb Code    44  __scatter.o(!!!scatter)
    __scatterload_rt2_thumb_only             0x080000f5   Thumb Code     0  __scatter.o(!!!scatter)
    __scatterload_null                       0x08000103   Thumb Code     0  __scatter.o(!!!scatter)
    __scatterload_copy                       0x08000129   Thumb Code    26  __scatter_copy.o(!!handler_copy)
    __scatterload_zeroinit                   0x08000145   Thumb Code    28  __scatter_zi.o(!!handler_zi)
    _printf_f                                0x08000161   Thumb Code     0  _printf_f.o(.ARM.Collect$$_printf_percent$$00000003)
    _printf_percent                          0x08000161   Thumb Code     0  _printf_percent.o(.ARM.Collect$$_printf_percent$$00000000)
    _printf_d                                0x08000167   Thumb Code     0  _printf_d.o(.ARM.Collect$$_printf_percent$$00000009)
    _printf_percent_end                      0x0800016d   Thumb Code     0  _printf_percent_end.o(.ARM.Collect$$_printf_percent$$00000017)
    __rt_lib_init                            0x08000171   Thumb Code     0  libinit.o(.ARM.Collect$$libinit$$00000000)
    __rt_lib_init_fp_1                       0x08000173   Thumb Code     0  libinit2.o(.ARM.Collect$$libinit$$00000002)
    __rt_lib_init_heap_1                     0x08000173   Thumb Code     0  libinit2.o(.ARM.Collect$$libinit$$00000008)
    __rt_lib_init_lc_common                  0x08000173   Thumb Code     0  libinit2.o(.ARM.Collect$$libinit$$0000000D)
    __rt_lib_init_rand_1                     0x08000173   Thumb Code     0  libinit2.o(.ARM.Collect$$libinit$$0000000C)
    __rt_lib_init_user_alloc_1               0x08000173   Thumb Code     0  libinit2.o(.ARM.Collect$$libinit$$0000000A)
    __rt_lib_init_lc_collate_1               0x08000179   Thumb Code     0  libinit2.o(.ARM.Collect$$libinit$$0000000F)
    __rt_lib_init_lc_ctype_1                 0x08000179   Thumb Code     0  libinit2.o(.ARM.Collect$$libinit$$00000011)
    __rt_lib_init_lc_monetary_1              0x08000179   Thumb Code     0  libinit2.o(.ARM.Collect$$libinit$$00000013)
    __rt_lib_init_lc_numeric_2               0x08000179   Thumb Code     0  libinit2.o(.ARM.Collect$$libinit$$00000014)
    __rt_lib_init_alloca_1                   0x08000183   Thumb Code     0  libinit2.o(.ARM.Collect$$libinit$$0000002C)
    __rt_lib_init_argv_1                     0x08000183   Thumb Code     0  libinit2.o(.ARM.Collect$$libinit$$0000002A)
    __rt_lib_init_atexit_1                   0x08000183   Thumb Code     0  libinit2.o(.ARM.Collect$$libinit$$00000019)
    __rt_lib_init_clock_1                    0x08000183   Thumb Code     0  libinit2.o(.ARM.Collect$$libinit$$0000001F)
    __rt_lib_init_cpp_1                      0x08000183   Thumb Code     0  libinit2.o(.ARM.Collect$$libinit$$00000030)
    __rt_lib_init_exceptions_1               0x08000183   Thumb Code     0  libinit2.o(.ARM.Collect$$libinit$$0000002E)
    __rt_lib_init_fp_trap_1                  0x08000183   Thumb Code     0  libinit2.o(.ARM.Collect$$libinit$$0000001D)
    __rt_lib_init_getenv_1                   0x08000183   Thumb Code     0  libinit2.o(.ARM.Collect$$libinit$$00000021)
    __rt_lib_init_lc_numeric_1               0x08000183   Thumb Code     0  libinit2.o(.ARM.Collect$$libinit$$00000015)
    __rt_lib_init_lc_time_1                  0x08000183   Thumb Code     0  libinit2.o(.ARM.Collect$$libinit$$00000017)
    __rt_lib_init_return                     0x08000183   Thumb Code     0  libinit2.o(.ARM.Collect$$libinit$$00000031)
    __rt_lib_init_signal_1                   0x08000183   Thumb Code     0  libinit2.o(.ARM.Collect$$libinit$$0000001B)
    __rt_lib_init_stdio_1                    0x08000183   Thumb Code     0  libinit2.o(.ARM.Collect$$libinit$$00000023)
    __rt_lib_shutdown                        0x08000185   Thumb Code     0  libshutdown.o(.ARM.Collect$$libshutdown$$00000000)
    __rt_lib_shutdown_fp_trap_1              0x08000187   Thumb Code     0  libshutdown2.o(.ARM.Collect$$libshutdown$$00000006)
    __rt_lib_shutdown_heap_1                 0x08000187   Thumb Code     0  libshutdown2.o(.ARM.Collect$$libshutdown$$0000000E)
    __rt_lib_shutdown_return                 0x08000187   Thumb Code     0  libshutdown2.o(.ARM.Collect$$libshutdown$$0000000F)
    __rt_lib_shutdown_signal_1               0x08000187   Thumb Code     0  libshutdown2.o(.ARM.Collect$$libshutdown$$00000009)
    __rt_lib_shutdown_stdio_1                0x08000187   Thumb Code     0  libshutdown2.o(.ARM.Collect$$libshutdown$$00000003)
    __rt_lib_shutdown_user_alloc_1           0x08000187   Thumb Code     0  libshutdown2.o(.ARM.Collect$$libshutdown$$0000000B)
    __rt_entry                               0x08000189   Thumb Code     0  rtentry.o(.ARM.Collect$$rtentry$$00000000)
    __rt_entry_presh_1                       0x08000189   Thumb Code     0  rtentry2.o(.ARM.Collect$$rtentry$$00000002)
    __rt_entry_sh                            0x08000189   Thumb Code     0  rtentry4.o(.ARM.Collect$$rtentry$$00000004)
    __rt_entry_li                            0x0800018f   Thumb Code     0  rtentry2.o(.ARM.Collect$$rtentry$$0000000A)
    __rt_entry_postsh_1                      0x0800018f   Thumb Code     0  rtentry2.o(.ARM.Collect$$rtentry$$00000009)
    __rt_entry_main                          0x08000193   Thumb Code     0  rtentry2.o(.ARM.Collect$$rtentry$$0000000D)
    __rt_entry_postli_1                      0x08000193   Thumb Code     0  rtentry2.o(.ARM.Collect$$rtentry$$0000000C)
    __rt_exit                                0x0800019b   Thumb Code     0  rtexit.o(.ARM.Collect$$rtexit$$00000000)
    __rt_exit_ls                             0x0800019d   Thumb Code     0  rtexit2.o(.ARM.Collect$$rtexit$$00000003)
    __rt_exit_prels_1                        0x0800019d   Thumb Code     0  rtexit2.o(.ARM.Collect$$rtexit$$00000002)
    __rt_exit_exit                           0x080001a1   Thumb Code     0  rtexit2.o(.ARM.Collect$$rtexit$$00000004)
    Reset_Handler                            0x080001a9   Thumb Code     8  startup_stm32f10x_md.o(.text)
    ADC1_2_IRQHandler                        0x080001c3   Thumb Code     0  startup_stm32f10x_md.o(.text)
    CAN1_RX1_IRQHandler                      0x080001c3   Thumb Code     0  startup_stm32f10x_md.o(.text)
    CAN1_SCE_IRQHandler                      0x080001c3   Thumb Code     0  startup_stm32f10x_md.o(.text)
    DMA1_Channel1_IRQHandler                 0x080001c3   Thumb Code     0  startup_stm32f10x_md.o(.text)
    DMA1_Channel2_IRQHandler                 0x080001c3   Thumb Code     0  startup_stm32f10x_md.o(.text)
    DMA1_Channel3_IRQHandler                 0x080001c3   Thumb Code     0  startup_stm32f10x_md.o(.text)
    DMA1_Channel4_IRQHandler                 0x080001c3   Thumb Code     0  startup_stm32f10x_md.o(.text)
    DMA1_Channel5_IRQHandler                 0x080001c3   Thumb Code     0  startup_stm32f10x_md.o(.text)
    DMA1_Channel6_IRQHandler                 0x080001c3   Thumb Code     0  startup_stm32f10x_md.o(.text)
    DMA1_Channel7_IRQHandler                 0x080001c3   Thumb Code     0  startup_stm32f10x_md.o(.text)
    EXTI0_IRQHandler                         0x080001c3   Thumb Code     0  startup_stm32f10x_md.o(.text)
    EXTI15_10_IRQHandler                     0x080001c3   Thumb Code     0  startup_stm32f10x_md.o(.text)
    EXTI1_IRQHandler                         0x080001c3   Thumb Code     0  startup_stm32f10x_md.o(.text)
    EXTI2_IRQHandler                         0x080001c3   Thumb Code     0  startup_stm32f10x_md.o(.text)
    EXTI3_IRQHandler                         0x080001c3   Thumb Code     0  startup_stm32f10x_md.o(.text)
    EXTI4_IRQHandler                         0x080001c3   Thumb Code     0  startup_stm32f10x_md.o(.text)
    EXTI9_5_IRQHandler                       0x080001c3   Thumb Code     0  startup_stm32f10x_md.o(.text)
    FLASH_IRQHandler                         0x080001c3   Thumb Code     0  startup_stm32f10x_md.o(.text)
    I2C1_ER_IRQHandler                       0x080001c3   Thumb Code     0  startup_stm32f10x_md.o(.text)
    I2C1_EV_IRQHandler                       0x080001c3   Thumb Code     0  startup_stm32f10x_md.o(.text)
    I2C2_ER_IRQHandler                       0x080001c3   Thumb Code     0  startup_stm32f10x_md.o(.text)
    I2C2_EV_IRQHandler                       0x080001c3   Thumb Code     0  startup_stm32f10x_md.o(.text)
    PVD_IRQHandler                           0x080001c3   Thumb Code     0  startup_stm32f10x_md.o(.text)
    RCC_IRQHandler                           0x080001c3   Thumb Code     0  startup_stm32f10x_md.o(.text)
    RTCAlarm_IRQHandler                      0x080001c3   Thumb Code     0  startup_stm32f10x_md.o(.text)
    SPI1_IRQHandler                          0x080001c3   Thumb Code     0  startup_stm32f10x_md.o(.text)
    SPI2_IRQHandler                          0x080001c3   Thumb Code     0  startup_stm32f10x_md.o(.text)
    TAMPER_IRQHandler                        0x080001c3   Thumb Code     0  startup_stm32f10x_md.o(.text)
    TIM1_BRK_IRQHandler                      0x080001c3   Thumb Code     0  startup_stm32f10x_md.o(.text)
    TIM1_CC_IRQHandler                       0x080001c3   Thumb Code     0  startup_stm32f10x_md.o(.text)
    TIM1_TRG_COM_IRQHandler                  0x080001c3   Thumb Code     0  startup_stm32f10x_md.o(.text)
    TIM1_UP_IRQHandler                       0x080001c3   Thumb Code     0  startup_stm32f10x_md.o(.text)
    TIM2_IRQHandler                          0x080001c3   Thumb Code     0  startup_stm32f10x_md.o(.text)
    TIM3_IRQHandler                          0x080001c3   Thumb Code     0  startup_stm32f10x_md.o(.text)
    TIM4_IRQHandler                          0x080001c3   Thumb Code     0  startup_stm32f10x_md.o(.text)
    USART1_IRQHandler                        0x080001c3   Thumb Code     0  startup_stm32f10x_md.o(.text)
    USART2_IRQHandler                        0x080001c3   Thumb Code     0  startup_stm32f10x_md.o(.text)
    USART3_IRQHandler                        0x080001c3   Thumb Code     0  startup_stm32f10x_md.o(.text)
    USBWakeUp_IRQHandler                     0x080001c3   Thumb Code     0  startup_stm32f10x_md.o(.text)
    USB_HP_CAN1_TX_IRQHandler                0x080001c3   Thumb Code     0  startup_stm32f10x_md.o(.text)
    USB_LP_CAN1_RX0_IRQHandler               0x080001c3   Thumb Code     0  startup_stm32f10x_md.o(.text)
    WWDG_IRQHandler                          0x080001c3   Thumb Code     0  startup_stm32f10x_md.o(.text)
    __user_initial_stackheap                 0x080001c5   Thumb Code     0  startup_stm32f10x_md.o(.text)
    DelayMs                                  0x08000209   Thumb Code    16  main.o(.text)
    main                                     0x08000219   Thumb Code   220  main.o(.text)
    NMI_Handler                              0x08000329   Thumb Code     2  stm32f10x_it.o(.text)
    HardFault_Handler                        0x0800032b   Thumb Code     4  stm32f10x_it.o(.text)
    MemManage_Handler                        0x0800032f   Thumb Code     4  stm32f10x_it.o(.text)
    BusFault_Handler                         0x08000333   Thumb Code     4  stm32f10x_it.o(.text)
    UsageFault_Handler                       0x08000337   Thumb Code     4  stm32f10x_it.o(.text)
    SVC_Handler                              0x0800033b   Thumb Code     2  stm32f10x_it.o(.text)
    DebugMon_Handler                         0x0800033d   Thumb Code     2  stm32f10x_it.o(.text)
    PendSV_Handler                           0x0800033f   Thumb Code     2  stm32f10x_it.o(.text)
    SysTick_Handler                          0x08000341   Thumb Code    40  stm32f10x_it.o(.text)
    RTC_IRQHandler                           0x08000369   Thumb Code    52  stm32f10x_it.o(.text)
    SystemInit                               0x08000489   Thumb Code    78  system_stm32f10x.o(.text)
    SystemCoreClockUpdate                    0x080004d7   Thumb Code   142  system_stm32f10x.o(.text)
    Delay_LCD                                0x08000589   Thumb Code    30  lcd.o(.text)
    LCD_WriteReg                             0x080005a7   Thumb Code    56  lcd.o(.text)
    REG_8230_Init                            0x080005df   Thumb Code   288  lcd.o(.text)
    REG_932X_Init                            0x080006ff   Thumb Code   514  lcd.o(.text)
    LCD_BusOut                               0x08000901   Thumb Code    32  lcd.o(.text)
    LCD_BusIn                                0x08000921   Thumb Code    32  lcd.o(.text)
    LCD_ReadReg                              0x08000941   Thumb Code    92  lcd.o(.text)
    LCD_CtrlLinesConfig                      0x0800099d   Thumb Code    68  lcd.o(.text)
    STM3210B_LCD_Init                        0x080009e1   Thumb Code    50  lcd.o(.text)
    LCD_SetTextColor                         0x08000a13   Thumb Code    12  lcd.o(.text)
    LCD_SetBackColor                         0x08000a1f   Thumb Code    12  lcd.o(.text)
    LCD_SetCursor                            0x08000a2b   Thumb Code    24  lcd.o(.text)
    LCD_WriteRAM                             0x08000a43   Thumb Code    44  lcd.o(.text)
    LCD_WriteRAM_Prepare                     0x08000a6f   Thumb Code    48  lcd.o(.text)
    LCD_DrawChar                             0x08000a9f   Thumb Code   100  lcd.o(.text)
    LCD_DisplayChar                          0x08000b03   Thumb Code    34  lcd.o(.text)
    LCD_DisplayStringLine                    0x08000b25   Thumb Code    44  lcd.o(.text)
    LCD_ClearLine                            0x08000b51   Thumb Code    14  lcd.o(.text)
    LCD_Clear                                0x08000b5f   Thumb Code    38  lcd.o(.text)
    LCD_SetDisplayWindow                     0x08000b85   Thumb Code    88  lcd.o(.text)
    LCD_WindowModeDisable                    0x08000bdd   Thumb Code    28  lcd.o(.text)
    LCD_DrawLine                             0x08000bf9   Thumb Code    86  lcd.o(.text)
    LCD_DrawRect                             0x08000c4f   Thumb Code    66  lcd.o(.text)
    LCD_DrawCircle                           0x08000c91   Thumb Code   252  lcd.o(.text)
    LCD_DrawMonoPict                         0x08000d8d   Thumb Code   126  lcd.o(.text)
    LCD_WriteBMP                             0x08000e0b   Thumb Code    74  lcd.o(.text)
    LCD_ReadRAM                              0x08000e55   Thumb Code    82  lcd.o(.text)
    LCD_PowerOn                              0x08000ea7   Thumb Code   118  lcd.o(.text)
    LCD_DisplayOn                            0x08000f1d   Thumb Code    14  lcd.o(.text)
    LCD_DisplayOff                           0x08000f2b   Thumb Code    12  lcd.o(.text)
    LCD_DrawPicture                          0x08000f37   Thumb Code    48  lcd.o(.text)
    ADC_Config                               0x08000f79   Thumb Code   136  adc.o(.text)
    Read_ADC                                 0x08001001   Thumb Code    70  adc.o(.text)
    LED_Config                               0x08001059   Thumb Code    54  led.o(.text)
    LED_Control                              0x0800108f   Thumb Code    60  led.o(.text)
    RTC_Config                               0x080010d5   Thumb Code   116  rtc.o(.text)
    TimeDisplay                              0x08001149   Thumb Code    94  rtc.o(.text)
    NVIC_PriorityGroupConfig                 0x080011c5   Thumb Code    10  misc.o(.text)
    NVIC_Init                                0x080011cf   Thumb Code   102  misc.o(.text)
    NVIC_SetVectorTable                      0x08001235   Thumb Code    14  misc.o(.text)
    NVIC_SystemLPConfig                      0x08001243   Thumb Code    34  misc.o(.text)
    SysTick_CLKSourceConfig                  0x08001265   Thumb Code    40  misc.o(.text)
    ADC_DeInit                               0x080012a1   Thumb Code    78  stm32f10x_adc.o(.text)
    ADC_Init                                 0x080012ef   Thumb Code    70  stm32f10x_adc.o(.text)
    ADC_StructInit                           0x08001335   Thumb Code    18  stm32f10x_adc.o(.text)
    ADC_Cmd                                  0x08001347   Thumb Code    22  stm32f10x_adc.o(.text)
    ADC_DMACmd                               0x0800135d   Thumb Code    22  stm32f10x_adc.o(.text)
    ADC_ITConfig                             0x08001373   Thumb Code    24  stm32f10x_adc.o(.text)
    ADC_ResetCalibration                     0x0800138b   Thumb Code    10  stm32f10x_adc.o(.text)
    ADC_GetResetCalibrationStatus            0x08001395   Thumb Code    20  stm32f10x_adc.o(.text)
    ADC_StartCalibration                     0x080013a9   Thumb Code    10  stm32f10x_adc.o(.text)
    ADC_GetCalibrationStatus                 0x080013b3   Thumb Code    20  stm32f10x_adc.o(.text)
    ADC_SoftwareStartConvCmd                 0x080013c7   Thumb Code    22  stm32f10x_adc.o(.text)
    ADC_GetSoftwareStartConvStatus           0x080013dd   Thumb Code    20  stm32f10x_adc.o(.text)
    ADC_DiscModeChannelCountConfig           0x080013f1   Thumb Code    24  stm32f10x_adc.o(.text)
    ADC_DiscModeCmd                          0x08001409   Thumb Code    22  stm32f10x_adc.o(.text)
    ADC_RegularChannelConfig                 0x0800141f   Thumb Code   184  stm32f10x_adc.o(.text)
    ADC_ExternalTrigConvCmd                  0x080014d7   Thumb Code    22  stm32f10x_adc.o(.text)
    ADC_GetConversionValue                   0x080014ed   Thumb Code     8  stm32f10x_adc.o(.text)
    ADC_GetDualModeConversionValue           0x080014f5   Thumb Code     8  stm32f10x_adc.o(.text)
    ADC_AutoInjectedConvCmd                  0x080014fd   Thumb Code    22  stm32f10x_adc.o(.text)
    ADC_InjectedDiscModeCmd                  0x08001513   Thumb Code    22  stm32f10x_adc.o(.text)
    ADC_ExternalTrigInjectedConvConfig       0x08001529   Thumb Code    16  stm32f10x_adc.o(.text)
    ADC_ExternalTrigInjectedConvCmd          0x08001539   Thumb Code    22  stm32f10x_adc.o(.text)
    ADC_SoftwareStartInjectedConvCmd         0x0800154f   Thumb Code    22  stm32f10x_adc.o(.text)
    ADC_GetSoftwareStartInjectedConvCmdStatus 0x08001565   Thumb Code    20  stm32f10x_adc.o(.text)
    ADC_InjectedChannelConfig                0x08001579   Thumb Code   130  stm32f10x_adc.o(.text)
    ADC_InjectedSequencerLengthConfig        0x080015fb   Thumb Code    24  stm32f10x_adc.o(.text)
    ADC_SetInjectedOffset                    0x08001613   Thumb Code    20  stm32f10x_adc.o(.text)
    ADC_GetInjectedConversionValue           0x08001627   Thumb Code    28  stm32f10x_adc.o(.text)
    ADC_AnalogWatchdogCmd                    0x08001643   Thumb Code    16  stm32f10x_adc.o(.text)
    ADC_AnalogWatchdogThresholdsConfig       0x08001653   Thumb Code     6  stm32f10x_adc.o(.text)
    ADC_AnalogWatchdogSingleChannelConfig    0x08001659   Thumb Code    16  stm32f10x_adc.o(.text)
    ADC_TempSensorVrefintCmd                 0x08001669   Thumb Code    64  stm32f10x_adc.o(.text)
    ADC_GetFlagStatus                        0x080016a9   Thumb Code    18  stm32f10x_adc.o(.text)
    ADC_ClearFlag                            0x080016bb   Thumb Code     6  stm32f10x_adc.o(.text)
    ADC_GetITStatus                          0x080016c1   Thumb Code    36  stm32f10x_adc.o(.text)
    ADC_ClearITPendingBit                    0x080016e5   Thumb Code    10  stm32f10x_adc.o(.text)
    BKP_DeInit                               0x080016f1   Thumb Code    16  stm32f10x_bkp.o(.text)
    BKP_TamperPinLevelConfig                 0x08001701   Thumb Code     6  stm32f10x_bkp.o(.text)
    BKP_TamperPinCmd                         0x08001707   Thumb Code     8  stm32f10x_bkp.o(.text)
    BKP_ITConfig                             0x0800170f   Thumb Code     8  stm32f10x_bkp.o(.text)
    BKP_RTCOutputConfig                      0x08001717   Thumb Code    22  stm32f10x_bkp.o(.text)
    BKP_SetRTCCalibrationValue               0x0800172d   Thumb Code    22  stm32f10x_bkp.o(.text)
    BKP_WriteBackupRegister                  0x08001743   Thumb Code    24  stm32f10x_bkp.o(.text)
    BKP_ReadBackupRegister                   0x0800175b   Thumb Code    26  stm32f10x_bkp.o(.text)
    BKP_GetFlagStatus                        0x08001775   Thumb Code    10  stm32f10x_bkp.o(.text)
    BKP_ClearFlag                            0x0800177f   Thumb Code    18  stm32f10x_bkp.o(.text)
    BKP_GetITStatus                          0x08001791   Thumb Code    10  stm32f10x_bkp.o(.text)
    BKP_ClearITPendingBit                    0x0800179b   Thumb Code    18  stm32f10x_bkp.o(.text)
    GPIO_DeInit                              0x080017b5   Thumb Code   172  stm32f10x_gpio.o(.text)
    GPIO_AFIODeInit                          0x08001861   Thumb Code    20  stm32f10x_gpio.o(.text)
    GPIO_Init                                0x08001875   Thumb Code   274  stm32f10x_gpio.o(.text)
    GPIO_StructInit                          0x08001987   Thumb Code    16  stm32f10x_gpio.o(.text)
    GPIO_ReadInputDataBit                    0x08001997   Thumb Code    18  stm32f10x_gpio.o(.text)
    GPIO_ReadInputData                       0x080019a9   Thumb Code     8  stm32f10x_gpio.o(.text)
    GPIO_ReadOutputDataBit                   0x080019b1   Thumb Code    18  stm32f10x_gpio.o(.text)
    GPIO_ReadOutputData                      0x080019c3   Thumb Code     8  stm32f10x_gpio.o(.text)
    GPIO_SetBits                             0x080019cb   Thumb Code     4  stm32f10x_gpio.o(.text)
    GPIO_ResetBits                           0x080019cf   Thumb Code     4  stm32f10x_gpio.o(.text)
    GPIO_WriteBit                            0x080019d3   Thumb Code    10  stm32f10x_gpio.o(.text)
    GPIO_Write                               0x080019dd   Thumb Code     4  stm32f10x_gpio.o(.text)
    GPIO_PinLockConfig                       0x080019e1   Thumb Code    18  stm32f10x_gpio.o(.text)
    GPIO_EventOutputConfig                   0x080019f3   Thumb Code    26  stm32f10x_gpio.o(.text)
    GPIO_EventOutputCmd                      0x08001a0d   Thumb Code     6  stm32f10x_gpio.o(.text)
    GPIO_PinRemapConfig                      0x08001a13   Thumb Code   138  stm32f10x_gpio.o(.text)
    GPIO_EXTILineConfig                      0x08001a9d   Thumb Code    66  stm32f10x_gpio.o(.text)
    GPIO_ETH_MediaInterfaceConfig            0x08001adf   Thumb Code     6  stm32f10x_gpio.o(.text)
    PWR_DeInit                               0x08001b0d   Thumb Code    22  stm32f10x_pwr.o(.text)
    PWR_BackupAccessCmd                      0x08001b23   Thumb Code     6  stm32f10x_pwr.o(.text)
    PWR_PVDCmd                               0x08001b29   Thumb Code     6  stm32f10x_pwr.o(.text)
    PWR_PVDLevelConfig                       0x08001b2f   Thumb Code    18  stm32f10x_pwr.o(.text)
    PWR_WakeUpPinCmd                         0x08001b41   Thumb Code     6  stm32f10x_pwr.o(.text)
    PWR_EnterSTOPMode                        0x08001b47   Thumb Code    54  stm32f10x_pwr.o(.text)
    PWR_EnterSTANDBYMode                     0x08001b7d   Thumb Code    42  stm32f10x_pwr.o(.text)
    PWR_GetFlagStatus                        0x08001ba7   Thumb Code    20  stm32f10x_pwr.o(.text)
    PWR_ClearFlag                            0x08001bbb   Thumb Code    14  stm32f10x_pwr.o(.text)
    RCC_DeInit                               0x08001bd9   Thumb Code    64  stm32f10x_rcc.o(.text)
    RCC_HSEConfig                            0x08001c19   Thumb Code    70  stm32f10x_rcc.o(.text)
    RCC_GetFlagStatus                        0x08001c5f   Thumb Code    56  stm32f10x_rcc.o(.text)
    RCC_WaitForHSEStartUp                    0x08001c97   Thumb Code    56  stm32f10x_rcc.o(.text)
    RCC_AdjustHSICalibrationValue            0x08001ccf   Thumb Code    20  stm32f10x_rcc.o(.text)
    RCC_HSICmd                               0x08001ce3   Thumb Code     6  stm32f10x_rcc.o(.text)
    RCC_PLLConfig                            0x08001ce9   Thumb Code    24  stm32f10x_rcc.o(.text)
    RCC_PLLCmd                               0x08001d01   Thumb Code     6  stm32f10x_rcc.o(.text)
    RCC_SYSCLKConfig                         0x08001d07   Thumb Code    18  stm32f10x_rcc.o(.text)
    RCC_GetSYSCLKSource                      0x08001d19   Thumb Code    10  stm32f10x_rcc.o(.text)
    RCC_HCLKConfig                           0x08001d23   Thumb Code    18  stm32f10x_rcc.o(.text)
    RCC_PCLK1Config                          0x08001d35   Thumb Code    18  stm32f10x_rcc.o(.text)
    RCC_PCLK2Config                          0x08001d47   Thumb Code    20  stm32f10x_rcc.o(.text)
    RCC_ITConfig                             0x08001d5b   Thumb Code    26  stm32f10x_rcc.o(.text)
    RCC_USBCLKConfig                         0x08001d75   Thumb Code     6  stm32f10x_rcc.o(.text)
    RCC_ADCCLKConfig                         0x08001d7b   Thumb Code    18  stm32f10x_rcc.o(.text)
    RCC_LSEConfig                            0x08001d8d   Thumb Code    44  stm32f10x_rcc.o(.text)
    RCC_LSICmd                               0x08001db9   Thumb Code     6  stm32f10x_rcc.o(.text)
    RCC_RTCCLKConfig                         0x08001dbf   Thumb Code    12  stm32f10x_rcc.o(.text)
    RCC_RTCCLKCmd                            0x08001dcb   Thumb Code     8  stm32f10x_rcc.o(.text)
    RCC_GetClocksFreq                        0x08001dd3   Thumb Code   192  stm32f10x_rcc.o(.text)
    RCC_AHBPeriphClockCmd                    0x08001e93   Thumb Code    26  stm32f10x_rcc.o(.text)
    RCC_APB2PeriphClockCmd                   0x08001ead   Thumb Code    26  stm32f10x_rcc.o(.text)
    RCC_APB1PeriphClockCmd                   0x08001ec7   Thumb Code    26  stm32f10x_rcc.o(.text)
    RCC_APB2PeriphResetCmd                   0x08001ee1   Thumb Code    26  stm32f10x_rcc.o(.text)
    RCC_APB1PeriphResetCmd                   0x08001efb   Thumb Code    26  stm32f10x_rcc.o(.text)
    RCC_BackupResetCmd                       0x08001f15   Thumb Code     8  stm32f10x_rcc.o(.text)
    RCC_ClockSecuritySystemCmd               0x08001f1d   Thumb Code     6  stm32f10x_rcc.o(.text)
    RCC_MCOConfig                            0x08001f23   Thumb Code     6  stm32f10x_rcc.o(.text)
    RCC_ClearFlag                            0x08001f29   Thumb Code    14  stm32f10x_rcc.o(.text)
    RCC_GetITStatus                          0x08001f37   Thumb Code    20  stm32f10x_rcc.o(.text)
    RCC_ClearITPendingBit                    0x08001f4b   Thumb Code     6  stm32f10x_rcc.o(.text)
    RTC_ITConfig                             0x08001f7d   Thumb Code    26  stm32f10x_rtc.o(.text)
    RTC_EnterConfigMode                      0x08001f97   Thumb Code    18  stm32f10x_rtc.o(.text)
    RTC_ExitConfigMode                       0x08001fa9   Thumb Code    20  stm32f10x_rtc.o(.text)
    RTC_GetCounter                           0x08001fbd   Thumb Code    18  stm32f10x_rtc.o(.text)
    RTC_SetCounter                           0x08001fcf   Thumb Code    26  stm32f10x_rtc.o(.text)
    RTC_SetPrescaler                         0x08001fe9   Thumb Code    28  stm32f10x_rtc.o(.text)
    RTC_SetAlarm                             0x08002005   Thumb Code    26  stm32f10x_rtc.o(.text)
    RTC_GetDivider                           0x0800201f   Thumb Code    22  stm32f10x_rtc.o(.text)
    RTC_WaitForLastTask                      0x08002035   Thumb Code    16  stm32f10x_rtc.o(.text)
    RTC_WaitForSynchro                       0x08002045   Thumb Code    34  stm32f10x_rtc.o(.text)
    RTC_GetFlagStatus                        0x08002067   Thumb Code    22  stm32f10x_rtc.o(.text)
    RTC_ClearFlag                            0x0800207d   Thumb Code    16  stm32f10x_rtc.o(.text)
    RTC_GetITStatus                          0x0800208d   Thumb Code    32  stm32f10x_rtc.o(.text)
    RTC_ClearITPendingBit                    0x080020ad   Thumb Code    16  stm32f10x_rtc.o(.text)
    __2sprintf                               0x080020c1   Thumb Code    34  noretval__2sprintf.o(.text)
    _printf_int_dec                          0x080020e9   Thumb Code   102  _printf_dec.o(.text)
    __printf                                 0x08002161   Thumb Code   270  __printf_wp.o(.text)
    __use_two_region_memory                  0x0800226f   Thumb Code     2  heapauxi.o(.text)
    __rt_heap_escrow$2region                 0x08002271   Thumb Code     2  heapauxi.o(.text)
    __rt_heap_expand$2region                 0x08002273   Thumb Code     2  heapauxi.o(.text)
    _printf_int_common                       0x08002275   Thumb Code   184  _printf_intcommon.o(.text)
    __lib_sel_fp_printf                      0x0800232d   Thumb Code     2  _printf_fp_dec.o(.text)
    _printf_fp_dec_real                      0x080024d9   Thumb Code   628  _printf_fp_dec.o(.text)
    _printf_char_common                      0x08002757   Thumb Code    32  _printf_char_common.o(.text)
    _sputc                                   0x0800277d   Thumb Code    10  _sputc.o(.text)
    __rt_locale                              0x08002789   Thumb Code     8  rt_locale_intlibspace.o(.text)
    _ll_udiv10                               0x08002791   Thumb Code   138  lludiv10.o(.text)
    _printf_fp_infnan                        0x0800281d   Thumb Code   112  _printf_fp_infnan.o(.text)
    _btod_etento                             0x0800289d   Thumb Code   222  bigflt0.o(.text)
    __user_libspace                          0x08002981   Thumb Code     8  libspace.o(.text)
    __user_perproc_libspace                  0x08002981   Thumb Code     0  libspace.o(.text)
    __user_perthread_libspace                0x08002981   Thumb Code     0  libspace.o(.text)
    __user_setup_stackheap                   0x08002989   Thumb Code    74  sys_stackheap_outer.o(.text)
    exit                                     0x080029d3   Thumb Code    12  exit.o(.text)
    strcmp                                   0x080029e1   Thumb Code   128  strcmpv7m.o(.text)
    _sys_exit                                0x08002a61   Thumb Code     8  sys_exit.o(.text)
    __I$use$semihosting                      0x08002a6d   Thumb Code     0  use_no_semi.o(.text)
    __use_no_semihosting_swi                 0x08002a6d   Thumb Code     2  use_no_semi.o(.text)
    __semihosting_library_function           0x08002a6f   Thumb Code     0  indicate_semi.o(.text)
    _btod_d2e                                0x08002a6f   Thumb Code    62  btod.o(CL$$btod_d2e)
    _d2e_denorm_low                          0x08002aad   Thumb Code    70  btod.o(CL$$btod_d2e_denorm_low)
    _d2e_norm_op1                            0x08002af3   Thumb Code    96  btod.o(CL$$btod_d2e_norm_op1)
    __btod_div_common                        0x08002b53   Thumb Code   696  btod.o(CL$$btod_div_common)
    _e2e                                     0x08002e8b   Thumb Code   198  btod.o(CL$$btod_e2e)
    _btod_ediv                               0x08002f51   Thumb Code    40  btod.o(CL$$btod_ediv)
    _btod_emul                               0x08002f79   Thumb Code    40  btod.o(CL$$btod_emul)
    __btod_mult_common                       0x08002fa1   Thumb Code   580  btod.o(CL$$btod_mult_common)
    __ARM_fpclassify                         0x080031e5   Thumb Code    40  fpclassify.o(i.__ARM_fpclassify)
    _is_digit                                0x0800320d   Thumb Code    14  __printf_wp.o(i._is_digit)
    _get_lc_numeric                          0x0800321d   Thumb Code    44  lc_numeric_c.o(locale$$code)
    __aeabi_d2f                              0x08003249   Thumb Code     0  d2f.o(x$fpl$d2f)
    _d2f                                     0x08003249   Thumb Code    98  d2f.o(x$fpl$d2f)
    __aeabi_ddiv                             0x080032ad   Thumb Code     0  ddiv.o(x$fpl$ddiv)
    _ddiv                                    0x080032ad   Thumb Code   552  ddiv.o(x$fpl$ddiv)
    __aeabi_ui2d                             0x0800355d   Thumb Code     0  dflt_clz.o(x$fpl$dfltu)
    _dfltu                                   0x0800355d   Thumb Code    38  dflt_clz.o(x$fpl$dfltu)
    __aeabi_dmul                             0x08003585   Thumb Code     0  dmul.o(x$fpl$dmul)
    _dmul                                    0x08003585   Thumb Code   332  dmul.o(x$fpl$dmul)
    __fpl_dnaninf                            0x080036d9   Thumb Code   156  dnaninf.o(x$fpl$dnaninf)
    __fpl_dretinf                            0x08003775   Thumb Code    12  dretinf.o(x$fpl$dretinf)
    __aeabi_f2d                              0x08003781   Thumb Code     0  f2d.o(x$fpl$f2d)
    _f2d                                     0x08003781   Thumb Code    86  f2d.o(x$fpl$f2d)
    __fpl_fcmp_Inf                           0x080037d7   Thumb Code    24  fcmpi.o(x$fpl$fcmpinf)
    __aeabi_cfcmple                          0x080037f1   Thumb Code     0  fleqf.o(x$fpl$fleqf)
    _fcmple                                  0x080037f1   Thumb Code   104  fleqf.o(x$fpl$fleqf)
    __fpl_fcmple_InfNaN                      0x08003843   Thumb Code     0  fleqf.o(x$fpl$fleqf)
    __aeabi_fmul                             0x08003859   Thumb Code     0  fmul.o(x$fpl$fmul)
    _fmul                                    0x08003859   Thumb Code   258  fmul.o(x$fpl$fmul)
    __fpl_fnaninf                            0x0800395b   Thumb Code   140  fnaninf.o(x$fpl$fnaninf)
    __fpl_fretinf                            0x080039e7   Thumb Code    10  fretinf.o(x$fpl$fretinf)
    __aeabi_cfrcmple                         0x080039f1   Thumb Code     0  frleqf.o(x$fpl$frleqf)
    _frcmple                                 0x080039f1   Thumb Code    98  frleqf.o(x$fpl$frleqf)
    _printf_fp_dec                           0x08003a53   Thumb Code     4  printf1.o(x$fpl$printf1)
    ASCII_Table                              0x08003a56   Data        4560  lcd.o(.constdata)
    __I$use$fp                               0x08003a56   Number         0  usenofp.o(x$fpl$usenofp)
    Region$$Table$$Base                      0x08004cbc   Number         0  anon$$obj.o(Region$$Table)
    Region$$Table$$Limit                     0x08004cdc   Number         0  anon$$obj.o(Region$$Table)
    timeDisplayFlag                          0x20000000   Data           1  main.o(.data)
    adcDisplayFlag                           0x20000001   Data           1  main.o(.data)
    timingDelay                              0x20000004   Data           4  main.o(.data)
    k                                        0x20000008   Data           4  main.o(.data)
    vdd                                      0x2000000c   Data           4  main.o(.data)
    SystemCoreClock                          0x20000014   Data           4  system_stm32f10x.o(.data)
    AHBPrescTable                            0x20000018   Data          16  system_stm32f10x.o(.data)
    dummy                                    0x2000002c   Data           2  lcd.o(.data)
    string                                   0x20000044   Data          20  main.o(.bss)
    __libspace_start                         0x20000058   Data          96  libspace.o(.bss)
    __temporary_stack_top$libspace           0x200000b8   Data           0  libspace.o(.bss)



==============================================================================

Memory Map of the image

  Image Entry point : 0x080000ed

  Load Region LR_IROM1 (Base: 0x08000000, Size: 0x00004d3c, Max: 0x00020000, ABSOLUTE)

    Execution Region ER_IROM1 (Base: 0x08000000, Size: 0x00004cf8, Max: 0x00020000, ABSOLUTE)

    Base Addr    Size         Type   Attr      Idx    E Section Name        Object

    0x08000000   0x000000ec   Data   RO           19    RESET               startup_stm32f10x_md.o
    0x080000ec   0x00000008   Code   RO          584  * !!!main             c_w.l(__main.o)
    0x080000f4   0x00000034   Code   RO          827    !!!scatter          c_w.l(__scatter.o)
    0x08000128   0x0000001a   Code   RO          829    !!handler_copy      c_w.l(__scatter_copy.o)
    0x08000142   0x00000002   PAD
    0x08000144   0x0000001c   Code   RO          831    !!handler_zi        c_w.l(__scatter_zi.o)
    0x08000160   0x00000000   Code   RO          581    .ARM.Collect$$_printf_percent$$00000000  c_w.l(_printf_percent.o)
    0x08000160   0x00000006   Code   RO          580    .ARM.Collect$$_printf_percent$$00000003  c_w.l(_printf_f.o)
    0x08000166   0x00000006   Code   RO          579    .ARM.Collect$$_printf_percent$$00000009  c_w.l(_printf_d.o)
    0x0800016c   0x00000004   Code   RO          617    .ARM.Collect$$_printf_percent$$00000017  c_w.l(_printf_percent_end.o)
    0x08000170   0x00000002   Code   RO          703    .ARM.Collect$$libinit$$00000000  c_w.l(libinit.o)
    0x08000172   0x00000000   Code   RO          705    .ARM.Collect$$libinit$$00000002  c_w.l(libinit2.o)
    0x08000172   0x00000000   Code   RO          708    .ARM.Collect$$libinit$$00000008  c_w.l(libinit2.o)
    0x08000172   0x00000000   Code   RO          710    .ARM.Collect$$libinit$$0000000A  c_w.l(libinit2.o)
    0x08000172   0x00000000   Code   RO          712    .ARM.Collect$$libinit$$0000000C  c_w.l(libinit2.o)
    0x08000172   0x00000006   Code   RO          713    .ARM.Collect$$libinit$$0000000D  c_w.l(libinit2.o)
    0x08000178   0x00000000   Code   RO          715    .ARM.Collect$$libinit$$0000000F  c_w.l(libinit2.o)
    0x08000178   0x00000000   Code   RO          717    .ARM.Collect$$libinit$$00000011  c_w.l(libinit2.o)
    0x08000178   0x00000000   Code   RO          719    .ARM.Collect$$libinit$$00000013  c_w.l(libinit2.o)
    0x08000178   0x0000000a   Code   RO          720    .ARM.Collect$$libinit$$00000014  c_w.l(libinit2.o)
    0x08000182   0x00000000   Code   RO          721    .ARM.Collect$$libinit$$00000015  c_w.l(libinit2.o)
    0x08000182   0x00000000   Code   RO          723    .ARM.Collect$$libinit$$00000017  c_w.l(libinit2.o)
    0x08000182   0x00000000   Code   RO          725    .ARM.Collect$$libinit$$00000019  c_w.l(libinit2.o)
    0x08000182   0x00000000   Code   RO          727    .ARM.Collect$$libinit$$0000001B  c_w.l(libinit2.o)
    0x08000182   0x00000000   Code   RO          729    .ARM.Collect$$libinit$$0000001D  c_w.l(libinit2.o)
    0x08000182   0x00000000   Code   RO          731    .ARM.Collect$$libinit$$0000001F  c_w.l(libinit2.o)
    0x08000182   0x00000000   Code   RO          733    .ARM.Collect$$libinit$$00000021  c_w.l(libinit2.o)
    0x08000182   0x00000000   Code   RO          735    .ARM.Collect$$libinit$$00000023  c_w.l(libinit2.o)
    0x08000182   0x00000000   Code   RO          739    .ARM.Collect$$libinit$$0000002A  c_w.l(libinit2.o)
    0x08000182   0x00000000   Code   RO          741    .ARM.Collect$$libinit$$0000002C  c_w.l(libinit2.o)
    0x08000182   0x00000000   Code   RO          743    .ARM.Collect$$libinit$$0000002E  c_w.l(libinit2.o)
    0x08000182   0x00000000   Code   RO          745    .ARM.Collect$$libinit$$00000030  c_w.l(libinit2.o)
    0x08000182   0x00000002   Code   RO          746    .ARM.Collect$$libinit$$00000031  c_w.l(libinit2.o)
    0x08000184   0x00000002   Code   RO          776    .ARM.Collect$$libshutdown$$00000000  c_w.l(libshutdown.o)
    0x08000186   0x00000000   Code   RO          788    .ARM.Collect$$libshutdown$$00000003  c_w.l(libshutdown2.o)
    0x08000186   0x00000000   Code   RO          791    .ARM.Collect$$libshutdown$$00000006  c_w.l(libshutdown2.o)
    0x08000186   0x00000000   Code   RO          794    .ARM.Collect$$libshutdown$$00000009  c_w.l(libshutdown2.o)
    0x08000186   0x00000000   Code   RO          796    .ARM.Collect$$libshutdown$$0000000B  c_w.l(libshutdown2.o)
    0x08000186   0x00000000   Code   RO          799    .ARM.Collect$$libshutdown$$0000000E  c_w.l(libshutdown2.o)
    0x08000186   0x00000002   Code   RO          800    .ARM.Collect$$libshutdown$$0000000F  c_w.l(libshutdown2.o)
    0x08000188   0x00000000   Code   RO          608    .ARM.Collect$$rtentry$$00000000  c_w.l(rtentry.o)
    0x08000188   0x00000000   Code   RO          630    .ARM.Collect$$rtentry$$00000002  c_w.l(rtentry2.o)
    0x08000188   0x00000006   Code   RO          642    .ARM.Collect$$rtentry$$00000004  c_w.l(rtentry4.o)
    0x0800018e   0x00000000   Code   RO          632    .ARM.Collect$$rtentry$$00000009  c_w.l(rtentry2.o)
    0x0800018e   0x00000004   Code   RO          633    .ARM.Collect$$rtentry$$0000000A  c_w.l(rtentry2.o)
    0x08000192   0x00000000   Code   RO          635    .ARM.Collect$$rtentry$$0000000C  c_w.l(rtentry2.o)
    0x08000192   0x00000008   Code   RO          636    .ARM.Collect$$rtentry$$0000000D  c_w.l(rtentry2.o)
    0x0800019a   0x00000002   Code   RO          747    .ARM.Collect$$rtexit$$00000000  c_w.l(rtexit.o)
    0x0800019c   0x00000000   Code   RO          754    .ARM.Collect$$rtexit$$00000002  c_w.l(rtexit2.o)
    0x0800019c   0x00000004   Code   RO          755    .ARM.Collect$$rtexit$$00000003  c_w.l(rtexit2.o)
    0x080001a0   0x00000006   Code   RO          756    .ARM.Collect$$rtexit$$00000004  c_w.l(rtexit2.o)
    0x080001a6   0x00000002   PAD
    0x080001a8   0x00000040   Code   RO           20    .text               startup_stm32f10x_md.o
    0x080001e8   0x00000140   Code   RO           24    .text               main.o
    0x08000328   0x00000084   Code   RO          139    .text               stm32f10x_it.o
    0x080003ac   0x000001dc   Code   RO          160    .text               system_stm32f10x.o
    0x08000588   0x000009f0   Code   RO          216    .text               lcd.o
    0x08000f78   0x000000e0   Code   RO          235    .text               adc.o
    0x08001058   0x0000007c   Code   RO          247    .text               led.o
    0x080010d4   0x000000f0   Code   RO          259    .text               rtc.o
    0x080011c4   0x000000dc   Code   RO          271    .text               misc.o
    0x080012a0   0x0000044e   Code   RO          283    .text               stm32f10x_adc.o
    0x080016ee   0x00000002   PAD
    0x080016f0   0x000000c4   Code   RO          295    .text               stm32f10x_bkp.o
    0x080017b4   0x00000358   Code   RO          415    .text               stm32f10x_gpio.o
    0x08001b0c   0x000000cc   Code   RO          451    .text               stm32f10x_pwr.o
    0x08001bd8   0x000003a4   Code   RO          463    .text               stm32f10x_rcc.o
    0x08001f7c   0x00000144   Code   RO          477    .text               stm32f10x_rtc.o
    0x080020c0   0x00000028   Code   RO          553    .text               c_w.l(noretval__2sprintf.o)
    0x080020e8   0x00000078   Code   RO          557    .text               c_w.l(_printf_dec.o)
    0x08002160   0x0000010e   Code   RO          567    .text               c_w.l(__printf_wp.o)
    0x0800226e   0x00000006   Code   RO          582    .text               c_w.l(heapauxi.o)
    0x08002274   0x000000b8   Code   RO          609    .text               c_w.l(_printf_intcommon.o)
    0x0800232c   0x00000420   Code   RO          611    .text               c_w.l(_printf_fp_dec.o)
    0x0800274c   0x00000030   Code   RO          613    .text               c_w.l(_printf_char_common.o)
    0x0800277c   0x0000000a   Code   RO          615    .text               c_w.l(_sputc.o)
    0x08002786   0x00000002   PAD
    0x08002788   0x00000008   Code   RO          647    .text               c_w.l(rt_locale_intlibspace.o)
    0x08002790   0x0000008a   Code   RO          649    .text               c_w.l(lludiv10.o)
    0x0800281a   0x00000002   PAD
    0x0800281c   0x00000080   Code   RO          651    .text               c_w.l(_printf_fp_infnan.o)
    0x0800289c   0x000000e4   Code   RO          655    .text               c_w.l(bigflt0.o)
    0x08002980   0x00000008   Code   RO          689    .text               c_w.l(libspace.o)
    0x08002988   0x0000004a   Code   RO          692    .text               c_w.l(sys_stackheap_outer.o)
    0x080029d2   0x0000000c   Code   RO          694    .text               c_w.l(exit.o)
    0x080029de   0x00000002   PAD
    0x080029e0   0x00000080   Code   RO          696    .text               c_w.l(strcmpv7m.o)
    0x08002a60   0x0000000c   Code   RO          766    .text               c_w.l(sys_exit.o)
    0x08002a6c   0x00000002   Code   RO          777    .text               c_w.l(use_no_semi.o)
    0x08002a6e   0x00000000   Code   RO          779    .text               c_w.l(indicate_semi.o)
    0x08002a6e   0x0000003e   Code   RO          658    CL$$btod_d2e        c_w.l(btod.o)
    0x08002aac   0x00000046   Code   RO          660    CL$$btod_d2e_denorm_low  c_w.l(btod.o)
    0x08002af2   0x00000060   Code   RO          659    CL$$btod_d2e_norm_op1  c_w.l(btod.o)
    0x08002b52   0x00000338   Code   RO          668    CL$$btod_div_common  c_w.l(btod.o)
    0x08002e8a   0x000000c6   Code   RO          665    CL$$btod_e2e        c_w.l(btod.o)
    0x08002f50   0x00000028   Code   RO          662    CL$$btod_ediv       c_w.l(btod.o)
    0x08002f78   0x00000028   Code   RO          661    CL$$btod_emul       c_w.l(btod.o)
    0x08002fa0   0x00000244   Code   RO          667    CL$$btod_mult_common  c_w.l(btod.o)
    0x080031e4   0x00000028   Code   RO          687    i.__ARM_fpclassify  m_ws.l(fpclassify.o)
    0x0800320c   0x0000000e   Code   RO          569    i._is_digit         c_w.l(__printf_wp.o)
    0x0800321a   0x00000002   PAD
    0x0800321c   0x0000002c   Code   RO          681    locale$$code        c_w.l(lc_numeric_c.o)
    0x08003248   0x00000062   Code   RO          586    x$fpl$d2f           fz_ws.l(d2f.o)
    0x080032aa   0x00000002   PAD
    0x080032ac   0x000002b0   Code   RO          589    x$fpl$ddiv          fz_ws.l(ddiv.o)
    0x0800355c   0x00000026   Code   RO          592    x$fpl$dfltu         fz_ws.l(dflt_clz.o)
    0x08003582   0x00000002   PAD
    0x08003584   0x00000154   Code   RO          598    x$fpl$dmul          fz_ws.l(dmul.o)
    0x080036d8   0x0000009c   Code   RO          618    x$fpl$dnaninf       fz_ws.l(dnaninf.o)
    0x08003774   0x0000000c   Code   RO          620    x$fpl$dretinf       fz_ws.l(dretinf.o)
    0x08003780   0x00000056   Code   RO          600    x$fpl$f2d           fz_ws.l(f2d.o)
    0x080037d6   0x00000018   Code   RO          683    x$fpl$fcmpinf       fz_ws.l(fcmpi.o)
    0x080037ee   0x00000002   PAD
    0x080037f0   0x00000068   Code   RO          622    x$fpl$fleqf         fz_ws.l(fleqf.o)
    0x08003858   0x00000102   Code   RO          602    x$fpl$fmul          fz_ws.l(fmul.o)
    0x0800395a   0x0000008c   Code   RO          624    x$fpl$fnaninf       fz_ws.l(fnaninf.o)
    0x080039e6   0x0000000a   Code   RO          626    x$fpl$fretinf       fz_ws.l(fretinf.o)
    0x080039f0   0x00000062   Code   RO          604    x$fpl$frleqf        fz_ws.l(frleqf.o)
    0x08003a52   0x00000004   Code   RO          606    x$fpl$printf1       fz_ws.l(printf1.o)
    0x08003a56   0x00000000   Code   RO          628    x$fpl$usenofp       fz_ws.l(usenofp.o)
    0x08003a56   0x000011d0   Data   RO          217    .constdata          lcd.o
    0x08004c26   0x00000002   PAD
    0x08004c28   0x00000094   Data   RO          656    .constdata          c_w.l(bigflt0.o)
    0x08004cbc   0x00000020   Data   RO          825    Region$$Table       anon$$obj.o
    0x08004cdc   0x0000001c   Data   RO          680    locale$$data        c_w.l(lc_numeric_c.o)


    Execution Region RW_IRAM1 (Base: 0x20000000, Size: 0x000006b8, Max: 0x00005000, ABSOLUTE)

    Base Addr    Size         Type   Attr      Idx    E Section Name        Object

    0x20000000   0x00000010   Data   RW           26    .data               main.o
    0x20000010   0x00000001   Data   RW          140    .data               stm32f10x_it.o
    0x20000011   0x00000003   PAD
    0x20000014   0x00000014   Data   RW          161    .data               system_stm32f10x.o
    0x20000028   0x00000006   Data   RW          218    .data               lcd.o
    0x2000002e   0x00000014   Data   RW          464    .data               stm32f10x_rcc.o
    0x20000042   0x00000002   PAD
    0x20000044   0x00000014   Zero   RW           25    .bss                main.o
    0x20000058   0x00000060   Zero   RW          690    .bss                c_w.l(libspace.o)
    0x200000b8   0x00000200   Zero   RW           18    HEAP                startup_stm32f10x_md.o
    0x200002b8   0x00000400   Zero   RW           17    STACK               startup_stm32f10x_md.o


==============================================================================

Image component sizes


      Code (inc. data)   RO Data    RW Data    ZI Data      Debug   Object Name

       224         18          0          0          0        738   adc.o
         0          0          0          0          0       4292   core_cm3.o
         0          0          0          0          0     212292   i2c.o
      2544         78       4560          6          0       8084   lcd.o
       124         10          0          0          0        657   led.o
       320         52          0         16         20     235272   main.o
       220         20          0          0          0       1693   misc.o
       240         30          0          0          0        753   rtc.o
        64         26        236          0       1536        748   startup_stm32f10x_md.o
      1102         26          0          0          0      10721   stm32f10x_adc.o
       196          8          0          0          0       3356   stm32f10x_bkp.o
       856         40          0          0          0       5533   stm32f10x_gpio.o
       132         16          0          1          0       1441   stm32f10x_it.o
       204         16          0          0          0       1863   stm32f10x_pwr.o
       932         44          0         20          0       8656   stm32f10x_rcc.o
       324          4          0          0          0       2618   stm32f10x_rtc.o
       476         36          0         20          0       1611   system_stm32f10x.o

    ----------------------------------------------------------------------
      7960        424       4830         68       1556     500328   Object Totals
         0          0         32          0          0          0   (incl. Generated)
         2          0          2          5          0          0   (incl. Padding)

    ----------------------------------------------------------------------

      Code (inc. data)   RO Data    RW Data    ZI Data      Debug   Library Member Name

         8          0          0          0          0         68   __main.o
       284          0          0          0          0        156   __printf_wp.o
        52          8          0          0          0          0   __scatter.o
        26          0          0          0          0          0   __scatter_copy.o
        28          0          0          0          0          0   __scatter_zi.o
        48          6          0          0          0         96   _printf_char_common.o
         6          0          0          0          0          0   _printf_d.o
       120         18          0          0          0         92   _printf_dec.o
         6          0          0          0          0          0   _printf_f.o
      1056          0          0          0          0        216   _printf_fp_dec.o
       128         16          0          0          0         84   _printf_fp_infnan.o
       184          0          0          0          0         88   _printf_intcommon.o
         0          0          0          0          0          0   _printf_percent.o
         4          0          0          0          0          0   _printf_percent_end.o
        10          0          0          0          0         68   _sputc.o
       228          6        148          0          0         96   bigflt0.o
      1910        128          0          0          0        672   btod.o
        12          0          0          0          0         72   exit.o
         6          0          0          0          0        152   heapauxi.o
         0          0          0          0          0          0   indicate_semi.o
        44         10         28          0          0         76   lc_numeric_c.o
         2          0          0          0          0          0   libinit.o
        18          0          0          0          0          0   libinit2.o
         2          0          0          0          0          0   libshutdown.o
         2          0          0          0          0          0   libshutdown2.o
         8          4          0          0         96         68   libspace.o
       138          0          0          0          0         80   lludiv10.o
        40          6          0          0          0         84   noretval__2sprintf.o
         8          4          0          0          0         68   rt_locale_intlibspace.o
         0          0          0          0          0          0   rtentry.o
        12          0          0          0          0          0   rtentry2.o
         6          0          0          0          0          0   rtentry4.o
         2          0          0          0          0          0   rtexit.o
        10          0          0          0          0          0   rtexit2.o
       128          0          0          0          0         68   strcmpv7m.o
        12          4          0          0          0         68   sys_exit.o
        74          0          0          0          0         80   sys_stackheap_outer.o
         2          0          0          0          0         68   use_no_semi.o
        98          4          0          0          0         92   d2f.o
       688        140          0          0          0        208   ddiv.o
        38          0          0          0          0         68   dflt_clz.o
       340         12          0          0          0        104   dmul.o
       156          4          0          0          0         92   dnaninf.o
        12          0          0          0          0         68   dretinf.o
        86          4          0          0          0         84   f2d.o
        24          0          0          0          0         68   fcmpi.o
       104          4          0          0          0         84   fleqf.o
       258          4          0          0          0         84   fmul.o
       140          4          0          0          0         84   fnaninf.o
        10          0          0          0          0         68   fretinf.o
        98          0          0          0          0         68   frleqf.o
         4          0          0          0          0         68   printf1.o
         0          0          0          0          0          0   usenofp.o
        40          0          0          0          0         68   fpclassify.o

    ----------------------------------------------------------------------
      6738        386        176          0         96       3828   Library Totals
        18          0          0          0          0          0   (incl. Padding)

    ----------------------------------------------------------------------

      Code (inc. data)   RO Data    RW Data    ZI Data      Debug   Library Name

      4624        210        176          0         96       2520   c_w.l
      2056        176          0          0          0       1240   fz_ws.l
        40          0          0          0          0         68   m_ws.l

    ----------------------------------------------------------------------
      6738        386        176          0         96       3828   Library Totals

    ----------------------------------------------------------------------

==============================================================================


      Code (inc. data)   RO Data    RW Data    ZI Data      Debug   

     14698        810       5006         68       1652     500152   Grand Totals
     14698        810       5006         68       1652     500152   ELF Image Totals
     14698        810       5006         68          0          0   ROM Totals

==============================================================================

    Total RO  Size (Code + RO Data)                19704 (  19.24kB)
    Total RW  Size (RW Data + ZI Data)              1720 (   1.68kB)
    Total ROM Size (Code + RO Data + RW Data)      19772 (  19.31kB)

==============================================================================

