<html>
<body>
<pre>
<h1>µVision Build Log</h1>
<h2>Project:</h2>
C:\Users\deng_chao\Desktop\À¶ÇÅ±­\Practice2\USER\Practice2.uvproj
Project File Date:  02/15/2017

<h2>Output:</h2>
Build target 'Target 1'
compiling main.c...
..\HARDWARE\adc.h(11): warning:  #1-D: last line of file ends without a newline
   
main.c(15): warning:  #167-D: argument of type "uint8_t *" is incompatible with parameter of type "char *restrict"
                sprintf (string, "    ADC : %.3f", Read_ADC()); 
main.c(18): warning:  #1-D: last line of file ends without a newline
  }
main.c: 3 warnings, 0 errors
compiling i2c.c...
compiling lcd.c...
compiling adc.c...
..\HARDWARE\adc.h(11): warning:  #1-D: last line of file ends without a newline
   
..\HARDWARE\adc.c(54): warning:  #1-D: last line of file ends without a newline
        
..\HARDWARE\adc.c: 2 warnings, 0 errors
linking...
Program Size: Code=12224 RO-data=5004 RW-data=48 ZI-data=1656  
FromELF: creating hex file...
"..\OBJ\Practice2.axf" - 0 Error(s), 5 Warning(s).
Load "..\\OBJ\\Practice2.axf" 
'D:\Program Files (x86)\MDK4\ARM\BIN\coocox-agdi.dll' invalid peripheral driver
Error: Flash Download failed  -  D:\Program Files (x86)\MDK4\ARM\BIN\coocox-agdi.dll
Load "..\\OBJ\\Practice2.axf" 
'D:\Program Files (x86)\MDK4\ARM\BIN\coocox-agdi.dll' invalid peripheral driver
Error: Flash Download failed  -  D:\Program Files (x86)\MDK4\ARM\BIN\coocox-agdi.dll
Load "..\\OBJ\\Practice2.axf" 
'D:\Program Files (x86)\MDK4\ARM\BIN\coocox-agdi.dll' invalid peripheral driver
Error: Flash Download failed  -  D:\Program Files (x86)\MDK4\ARM\BIN\coocox-agdi.dll
</pre>
</body>
</html>
ne
  }
main.c: 3 warnings, 0 errors
"main.c" - 0 Error(s), 3 Warning(s).
