<html>
<body>
<pre>
<h1>µVision Build Log</h1>
<h2>Project:</h2>
F:\Code\CT117E\LCD\USER\lcd.uvproj
Project File Date:  12/05/2016

<h2>Output:</h2>
Build target 'Target 1'
compiling main.c...
linking...
Program Size: Code=5470 RO-data=4830 RW-data=52 ZI-data=1028  
FromELF: creating hex file...
"..\OBJ\lcd.axf" - 0 Error(s), 0 Warning(s).
Load "..\\OBJ\\lcd.axf" 
Erasing Done.
Program Speed: 12.27 KByte/s
Programming Done.
Load "..\\OBJ\\lcd.axf" 
Erasing Done.
Program Speed: 12.05 KByte/s
Programming Done.
</pre>
</body>
</html>
