<html>
<body>
<pre>
<h1>µVision Build Log</h1>
<h2>Project:</h2>
F:\Code\CT117E\USART_LCD\USER\USART_LCD.uvproj
Project File Date:  01/12/2017

<h2>Output:</h2>
Build target 'Target 1'
compiling usart.c...
linking...
Program Size: Code=6986 RO-data=4830 RW-data=76 ZI-data=1636  
FromELF: creating hex file...
"..\OBJ\USART_LCD.axf" - 0 Error(s), 0 Warning(s).
Load "..\\OBJ\\USART_LCD.axf" 
Erasing Done.
Program Speed: 12.27 KByte/s
Programming Done.
</pre>
</body>
</html>
RT_LCD.axf" - 0 Error(s), 1 Warning(s).
(s).
Load "..\\OBJ\\USART_LCD.axf" 
Erasing Done.
Program Speed: 11.92 KByte/s
Programming Done.
compiling usart.c...
..\HARDWARE\usart.c(63): warning:  #177-D: variable "j" was declared but never referenced
                        int j = 0;
..\HARDWARE\usart.c: 1 warning, 0 errors
"..\HARDWARE\usart.c" - 0 Error(s), 1 Warning(s).
