<html>
<body>
<pre>
<h1>µVision Build Log</h1>
<h2>Project:</h2>
F:\Code\CT117E\USART_LCD\USER\USART_LCD.uvproj
Project File Date:  02/08/2017

<h2>Output:</h2>
Build target 'Target 1'
compiling usart.c...
linking...
Program Size: Code=7066 RO-data=4830 RW-data=80 ZI-data=1656  
FromELF: creating hex file...
"..\OBJ\USART_LCD.axf" - 0 Error(s), 0 Warning(s).
Load "..\\OBJ\\USART_LCD.axf" 
Erasing Done.
Program Speed: 12.36 KByte/s
Programming Done.
</pre>
</body>
</html>
HARDWARE\usart.c" - 0 Error(s), 0 Warning(s).
 *" is incompatible with parameter of type "u8 *"
                        LCD_DisplayStringLine(Line7, USART_RXBUF);
main.c: 0 warnings, 1 error
"main.c" - 1 Error(s), 0 Warning(s).
2 information, 0 warning and 2 error messages.
"..\OBJ\USART_LCD.axf" - 2 Error(s), 1 Warning(s).
Target not created
