<html>
<body>
<pre>
<h1>µVision Build Log</h1>
<h2>Project:</h2>
C:\Users\deng_chao\Desktop\À¶ÇÅ±­\RTC\USER\RTC.uvproj
Project File Date:  02/14/2017

<h2>Output:</h2>
Build target 'Target 1'
compiling main.c...
linking...
Program Size: Code=2912 RO-data=268 RW-data=44 ZI-data=1636  
FromELF: creating hex file...
"..\OBJ\RTC.axf" - 0 Error(s), 0 Warning(s).
Load "..\\OBJ\\RTC.axf" 
'D:\Program Files (x86)\MDK4\ARM\BIN\coocox-agdi.dll' invalid peripheral driver
Error: Flash Download failed  -  D:\Program Files (x86)\MDK4\ARM\BIN\coocox-agdi.dll
Load "..\\OBJ\\RTC.axf" 
'D:\Program Files (x86)\MDK4\ARM\BIN\coocox-agdi.dll' invalid peripheral driver
Error: Flash Download failed  -  D:\Program Files (x86)\MDK4\ARM\BIN\coocox-agdi.dll
Load "..\\OBJ\\RTC.axf" 
'D:\Program Files (x86)\MDK4\ARM\BIN\coocox-agdi.dll' invalid peripheral driver
Error: Flash Download failed  -  D:\Program Files (x86)\MDK4\ARM\BIN\coocox-agdi.dll
Load "..\\OBJ\\RTC.axf" 
'D:\Program Files (x86)\MDK4\ARM\BIN\coocox-agdi.dll' invalid peripheral driver
Error: Flash Download failed  -  D:\Program Files (x86)\MDK4\ARM\BIN\coocox-agdi.dll
Load "..\\OBJ\\RTC.axf" 
'D:\Program Files (x86)\MDK4\ARM\BIN\coocox-agdi.dll' invalid peripheral driver
Error: Flash Download failed  -  D:\Program Files (x86)\MDK4\ARM\BIN\coocox-agdi.dll
Load "..\\OBJ\\RTC.axf" 
'D:\Program Files (x86)\MDK4\ARM\BIN\coocox-agdi.dll' invalid peripheral driver
Error: Flash Download failed  -  D:\Program Files (x86)\MDK4\ARM\BIN\coocox-agdi.dll
Load "..\\OBJ\\RTC.axf" 
'D:\Program Files (x86)\MDK4\ARM\BIN\coocox-agdi.dll' invalid peripheral driver
Error: Flash Download failed  -  D:\Program Files (x86)\MDK4\ARM\BIN\coocox-agdi.dll
</pre>
</body>
</html>
