<html>
<body>
<pre>
<h1>µVision Build Log</h1>
<h2>Project:</h2>
F:\Code\CT117E\TIM_PWM\USER\TIM_PWM.uvproj
Project File Date:  02/11/2017

<h2>Output:</h2>
Build target 'Target 1'
compiling timer.c...
..\HARDWARE\timer.c(38): warning:  #1-D: last line of file ends without a newline
        
..\HARDWARE\timer.c: 1 warning, 0 errors
linking...
Program Size: Code=6600 RO-data=336 RW-data=60 ZI-data=1636  
FromELF: creating hex file...
"..\OBJ\TEMP.axf" - 0 Error(s), 1 Warning(s).
Load "..\\OBJ\\TEMP.axf" 
Erasing Done.
Program Speed: 11.78 KByte/s
Programming Done.
</pre>
</body>
</html>
ral driver
Error: Flash Download failed  -  D:\Program Files (x86)\MDK4\ARM\BIN\coocox-agdi.dll
wdg.c...
compiling stm32f10x_pwr.c...
compiling stm32f10x_rcc.c...
compiling stm32f10x_rtc.c...
compiling stm32f10x_sdio.c...
compiling stm32f10x_spi.c...
compiling stm32f10x_tim.c...
compiling stm32f10x_usart.c...
compiling stm32f10x_wwdg.c...
compiling core_cm3.c...
assembling startup_stm32f10x_hd.s...
compiling key.c...
compiling lcd.c...
compiling LED.c...
compiling adc.c...
compiling exti.c...
compiling timer.c...
..\HARDWARE\timer.c(38): warning:  #1-D: last line of file ends without a newline
        
..\HARDWARE\timer.c: 1 warning, 0 errors
compiling usart.c...
linking...
Program Size: Code=6600 RO-data=336 RW-data=60 ZI-data=1636  
FromELF: creating hex file...
"..\OBJ\TEMP.axf" - 0 Error(s), 1 Warning(s).
