<html>
<body>
<pre>
<h1>µVision Build Log</h1>
<h2>Project:</h2>
C:\Users\deng_chao\Desktop\À¶ÇÅ±­\RTC\USER\RTC.uvproj
Project File Date:  02/14/2017

<h2>Output:</h2>
Build target 'Target 1'
compiling rtc.c...
..\HARDWARE\rtc.c(58): warning:  #167-D: argument of type "uint8_t *" is incompatible with parameter of type "char *restrict"
        sprintf(text, "   Time: %0.2d:%0.2d:%0.2d", THH, TMM, TSS);
..\HARDWARE\rtc.c: 1 warning, 0 errors
linking...
Program Size: Code=7512 RO-data=4848 RW-data=56 ZI-data=1632  
FromELF: creating hex file...
"..\OBJ\RTC.axf" - 0 Error(s), 1 Warning(s).
Load "..\\OBJ\\RTC.axf" 
Erasing Done.
Program Speed: 12.23 KByte/s
Programming Done.
</pre>
</body>
</html>
