<html>
<body>
<pre>
<h1>µVision Build Log</h1>
<h2>Project:</h2>
F:\Code\CT117E\LED\USER\LED.uvproj
Project File Date:  11/30/2016

<h2>Output:</h2>
Build target 'Target 1'
compiling LED.c...
linking...
Program Size: Code=2816 RO-data=268 RW-data=40 ZI-data=1632  
FromELF: creating hex file...
"..\OBJ\LED.axf" - 0 Error(s), 0 Warning(s).
Load "..\\OBJ\\LED.axf" 
Erasing Done.
Program Speed: 10.52 KByte/s
Programming Done.
</pre>
</body>
</html>
gmcu.c...
compiling stm32f10x_dma.c...
compiling stm32f10x_exti.c...
compiling stm32f10x_flash.c...
compiling stm32f10x_fsmc.c...
compiling stm32f10x_gpio.c...
compiling stm32f10x_i2c.c...
compiling stm32f10x_iwdg.c...
compiling stm32f10x_pwr.c...
compiling stm32f10x_rcc.c...
compiling stm32f10x_rtc.c...
compiling stm32f10x_sdio.c...
compiling stm32f10x_spi.c...
compiling stm32f10x_tim.c...
compiling stm32f10x_usart.c...
compiling stm32f10x_wwdg.c...
compiling main.c...
compiling stm32f10x_it.c...
compiling system_stm32f10x.c...
compiling LED.c...
linking...
Program Size: Code=2764 RO-data=268 RW-data=40 ZI-data=1632  
FromELF: creating hex file...
"..\OBJ\LED.axf" - 0 Error(s), 0 Warning(s).
Load "..\\OBJ\\LED.axf" 
Erasing Done.
Program Speed: 10.93 KByte/s
Programming Done.
xf" 
Error: Flash Download failed  -  "Cortex-M3"
Load "..\\OBJ\\LED.axf" 
Error: Flash Download failed  -  "Cortex-M3"
Load "..\\OBJ\\LED.axf" 
Error: Flash Download failed  -  "Cortex-M3"
Load "..\\OBJ\\LED.axf" 
'D:\Program Files (x86)\MDK4\ARM\BIN\coocox-agdi.dll' invalid peripheral driver
Error: Flash Download failed  -  D:\Program Files (x86)\MDK4\ARM\BIN\coocox-agdi.dll
Load "..\\OBJ\\LED.axf" 
Error: Flash Download failed  -  "Cortex-M3"
Load "..\\OBJ\\LED.axf" 
Erasing Done.
Program Speed: 10.93 KByte/s
Programming Done.
